******************************************************************************
                  TI ARM Linker PC v18.12.2                    
******************************************************************************
>> Linked Tue Feb  4 17:56:32 2020

OUTPUT FILE NAME:   <Lab3.out>
ENTRY POINT SYMBOL: "_c_int00_noargs"  address: 000025fd


MEMORY CONFIGURATION

         name            origin    length      used     unused   attr    fill
----------------------  --------  ---------  --------  --------  ----  --------
  FLASH                 00000000   00040000  000028f9  0003d707  R  X
  SRAM                  20000000   00008000  000022ca  00005d36  RW X


SEGMENT ALLOCATION MAP

run origin  load origin   length   init length attrs members
----------  ----------- ---------- ----------- ----- -------
00000000    00000000    00002900   00002900    r-x
  00000000    00000000    0000026c   0000026c    r-- .intvecs
  0000026c    0000026c    00002544   00002544    r-x .text
  000027b0    000027b0    00000109   00000109    r-- .const
  000028c0    000028c0    00000040   00000040    r-- .cinit
20000000    20000000    000022ce   00000000    rw-
  20000000    20000000    0000026c   00000000    rw- .vtable
  20000270    20000270    00001000   00000000    rw- .stack
  20001270    20001270    00001000   00000000    rw- .sysmem
  20002270    20002270    00000058   00000000    rw- .bss
  200022c8    200022c8    00000006   00000000    rw- .data


SECTION ALLOCATION MAP

 output                                  attributes/
section   page    origin      length       input sections
--------  ----  ----------  ----------   ----------------
.intvecs   0    00000000    0000026c     
                  00000000    0000026c     tm4c123gh6pm_startup_ccs.obj (.intvecs)

.text      0    0000026c    00002544     
                  0000026c    00000a4e     rtsv7M4_T_le_v4SPD16_eabi.lib : _printfi.c.obj (.text:__TI_printfi)
                  00000cba    00000002                                   : div0.asm.obj (.text)
                  00000cbc    00000328     lcd.obj (.text)
                  00000fe4    00000270     rtsv7M4_T_le_v4SPD16_eabi.lib : _printfi.c.obj (.text:_pconv_a)
                  00001254    00000248     Timer.obj (.text)
                  0000149c    000001d0     rtsv7M4_T_le_v4SPD16_eabi.lib : _printfi.c.obj (.text:_pconv_g)
                  0000166c    000001b6                                   : fd_add_t2.asm.obj (.text)
                  00001822    00000002     --HOLE-- [fill = 0]
                  00001824    0000013c                                   : _printfi.c.obj (.text:_pconv_e)
                  00001960    00000136                                   : fd_div_t2.asm.obj (.text)
                  00001a96    00000002     --HOLE-- [fill = 0]
                  00001a98    00000124                                   : _printfi.c.obj (.text:fcvt)
                  00001bbc    00000110                                   : s_scalbn.c.obj (.text:scalbn)
                  00001ccc    00000108     button.obj (.text)
                  00001dd4    000000fc     rtsv7M4_T_le_v4SPD16_eabi.lib : fd_mul_t2.asm.obj (.text)
                  00001ed0    000000b1                                   : _printfi.c.obj (.text:_ltostr)
                  00001f81    00000001     --HOLE-- [fill = 0]
                  00001f82    0000009c                                   : memcpy_t2.asm.obj (.text)
                  0000201e    00000096                                   : ull_div_t2.asm.obj (.text)
                  000020b4    00000086                                   : fd_cmp_t2.asm.obj (.text:__aeabi_cdcmple)
                  0000213a    00000086                                   : fd_cmp_t2.asm.obj (.text:__aeabi_cdrcmple)
                  000021c0    0000007a                                   : memset_t2.asm.obj (.text)
                  0000223a    0000006e                                   : _printfi.c.obj (.text:_mcpy)
                  000022a8    00000068                                   : copy_decompress_lzss.c.obj (.text:decompress:lzss:__TI_decompress_lzss)
                  00002310    00000064                                   : s_frexp.c.obj (.text:frexp)
                  00002374    00000056                                   : _printfi.c.obj (.text:_pconv_f)
                  000023ca    00000054                                   : ltoa.c.obj (.text:ltoa)
                  0000241e    00000052                                   : _printfi.c.obj (.text:_ecpy)
                  00002470    0000004c                                   : atoi.c.obj (.text:atoi)
                  000024bc    00000048                                   : fd_toi_t2.asm.obj (.text)
                  00002504    00000044                                   : autoinit.c.obj (.text:__TI_auto_init_nobinit_nopinit:__TI_auto_init_nobinit_nopinit)
                  00002548    00000040                                   : vsnprintf.c.obj (.text:vsnprintf)
                  00002588    0000003e                                   : _printfi.c.obj (.text:_fcpy)
                  000025c6    00000002     --HOLE-- [fill = 0]
                  000025c8    00000034     driverlib.lib : interrupt.obj (.text:IntRegister)
                  000025fc    00000034     rtsv7M4_T_le_v4SPD16_eabi.lib : boot_cortex_m.c.obj (.text:_c_int00_noargs:_c_int00_noargs)
                  00002630    00000030                                   : vsnprintf.c.obj (.text:_outs)
                  00002660    0000002e                                   : i_tofd_t2.asm.obj (.text)
                  0000268e    0000001c                                   : copy_zero_init.c.obj (.text:decompress:ZI:__TI_zero_init_nomemset:__TI_zero_init_nomemset)
                  000026aa    0000001c                                   : memccpy.c.obj (.text:memccpy)
                  000026c6    0000001a                                   : s_copysign.c.obj (.text:copysign)
                  000026e0    00000018                                   : vsnprintf.c.obj (.text:_outc)
                  000026f8    00000018                                   : strcmp.c.obj (.text:strcmp)
                  00002710    00000016                                   : strchr.c.obj (.text:strchr)
                  00002726    00000014     lab3_template.obj (.text)
                  0000273a    00000014     rtsv7M4_T_le_v4SPD16_eabi.lib : strcpy.c.obj (.text:strcpy)
                  0000274e    00000014                                   : strlen.c.obj (.text:strlen)
                  00002762    00000012                                   : wcslen.c.obj (.text:wcslen)
                  00002774    00000010     lcd.obj (.text:lcd_clear)
                  00002784    0000000e     rtsv7M4_T_le_v4SPD16_eabi.lib : copy_decompress_none.c.obj (.text:decompress:none:__TI_decompress_none)
                  00002792    0000000c     tm4c123gh6pm_startup_ccs.obj (.text)
                  0000279e    00000002     --HOLE-- [fill = 0]
                  000027a0    00000008     rtsv7M4_T_le_v4SPD16_eabi.lib : errno.c.obj (.text:__aeabi_errno_addr)
                  000027a8    00000004                                   : pre_init.c.obj (.text:_system_pre_init)
                  000027ac    00000004                                   : exit.c.obj (.text:abort:abort)

.const     0    000027b0    00000109     
                  000027b0    00000101     rtsv7M4_T_le_v4SPD16_eabi.lib : ctype.c.obj (.const:.string:_ctypes_)
                  000028b1    00000004     lcd.obj (.const:.string:lineAddress$1)
                  000028b5    00000004     lcd.obj (.const:.string:lineAddresses$2)

.cinit     0    000028c0    00000040     
                  000028c0    0000000c     (__TI_handler_table)
                  000028cc    00000004     --HOLE-- [fill = 0]
                  000028d0    00000008     (.cinit..bss.load) [load image, compression = zero_init]
                  000028d8    00000008     (.cinit..vtable.load) [load image, compression = zero_init]
                  000028e0    00000007     (.cinit..data.load) [load image, compression = lzss]
                  000028e7    00000001     --HOLE-- [fill = 0]
                  000028e8    00000018     (__TI_cinit_table)

.init_array 
*          0    00000000    00000000     UNINITIALIZED

.vtable    0    20000000    0000026c     UNINITIALIZED
                  20000000    0000026c     driverlib.lib : interrupt.obj (.vtable)

.stack     0    20000270    00001000     UNINITIALIZED
                  20000270    00000004     rtsv7M4_T_le_v4SPD16_eabi.lib : boot_cortex_m.c.obj (.stack)
                  20000274    00000ffc     --HOLE--

.sysmem    0    20001270    00001000     UNINITIALIZED
                  20001270    00000010     rtsv7M4_T_le_v4SPD16_eabi.lib : memory.c.obj (.sysmem)
                  20001280    00000ff0     --HOLE--

.bss       0    20002270    00000058     UNINITIALIZED
                  20002270    00000054     lcd.obj (.bss:lastbuffer$3)
                  200022c4    00000004     (.common:_timeout_ticks)

.data      0    200022c8    00000006     UNINITIALIZED
                  200022c8    00000004     rtsv7M4_T_le_v4SPD16_eabi.lib : errno.c.obj (.data)
                  200022cc    00000001     Timer.obj (.data)
                  200022cd    00000001     button.obj (.data)

MODULE SUMMARY

       Module                         code   ro data   rw data
       ------                         ----   -------   -------
    .\
       lcd.obj                        824    8         84     
       tm4c123gh6pm_startup_ccs.obj   12     620       0      
       Timer.obj                      584    0         5      
       button.obj                     264    0         1      
       lab3_template.obj              20     0         0      
    +--+------------------------------+------+---------+---------+
       Total:                         1704   628       90     
                                                              
    C:/ti/TivaWare_C_Series-2.1.4.178/driverlib/ccs/Debug/driverlib.lib
       interrupt.obj                  52     0         620    
    +--+------------------------------+------+---------+---------+
       Total:                         52     0         620    
                                                              
    C:\ti\ccs910\ccs\tools\compiler\ti-cgt-arm_18.12.2.LTS\lib\rtsv7M4_T_le_v4SPD16_eabi.lib
       _printfi.c.obj                 4851   0         0      
       fd_add_t2.asm.obj              438    0         0      
       fd_div_t2.asm.obj              310    0         0      
       s_scalbn.c.obj                 272    0         0      
       fd_cmp_t2.asm.obj              268    0         0      
       ctype.c.obj                    0      257       0      
       fd_mul_t2.asm.obj              252    0         0      
       memcpy_t2.asm.obj              156    0         0      
       ull_div_t2.asm.obj             150    0         0      
       vsnprintf.c.obj                136    0         0      
       memset_t2.asm.obj              122    0         0      
       copy_decompress_lzss.c.obj     104    0         0      
       s_frexp.c.obj                  100    0         0      
       ltoa.c.obj                     84     0         0      
       atoi.c.obj                     76     0         0      
       fd_toi_t2.asm.obj              72     0         0      
       autoinit.c.obj                 68     0         0      
       boot_cortex_m.c.obj            52     0         0      
       i_tofd_t2.asm.obj              46     0         0      
       copy_zero_init.c.obj           28     0         0      
       memccpy.c.obj                  28     0         0      
       s_copysign.c.obj               26     0         0      
       strcmp.c.obj                   24     0         0      
       strchr.c.obj                   22     0         0      
       strcpy.c.obj                   20     0         0      
       strlen.c.obj                   20     0         0      
       wcslen.c.obj                   18     0         0      
       copy_decompress_none.c.obj     14     0         0      
       errno.c.obj                    8      0         4      
       exit.c.obj                     4      0         0      
       pre_init.c.obj                 4      0         0      
       div0.asm.obj                   2      0         0      
    +--+------------------------------+------+---------+---------+
       Total:                         7775   257       4      
                                                              
       Heap:                          0      0         4096   
       Stack:                         0      0         4096   
       Linker Generated:              0      59        0      
    +--+------------------------------+------+---------+---------+
       Grand Total:                   9531   944       8906   


LINKER GENERATED COPY TABLES

__TI_cinit_table @ 000028e8 records: 3, size/record: 8, table size: 24
	.bss: load addr=000028d0, load size=00000008 bytes, run addr=20002270, run size=00000058 bytes, compression=zero_init
	.vtable: load addr=000028d8, load size=00000008 bytes, run addr=20000000, run size=0000026c bytes, compression=zero_init
	.data: load addr=000028e0, load size=00000007 bytes, run addr=200022c8, run size=00000006 bytes, compression=lzss


LINKER GENERATED HANDLER TABLE

__TI_handler_table @ 000028c0 records: 3, size/record: 4, table size: 12
	index: 0, handler: __TI_zero_init
	index: 1, handler: __TI_decompress_lzss
	index: 2, handler: __TI_decompress_none


GLOBAL SYMBOLS: SORTED ALPHABETICALLY BY Name 

address   name                          
-------   ----                          
000027ad  C$$EXIT                       
000025c9  IntRegister                   
00002793  ResetISR                      
20001270  __STACK_END                   
00001000  __STACK_SIZE                  
20000470  __STACK_TOP                   
00001000  __SYSMEM_SIZE                 
000028e8  __TI_CINIT_Base               
00002900  __TI_CINIT_Limit              
000028c0  __TI_Handler_Table_Base       
000028cc  __TI_Handler_Table_Limit      
00002505  __TI_auto_init_nobinit_nopinit
000022a9  __TI_decompress_lzss          
00002785  __TI_decompress_none          
ffffffff  __TI_pprof_out_hndl           
0000026d  __TI_printfi                  
ffffffff  __TI_prof_data_size           
ffffffff  __TI_prof_data_start          
00000000  __TI_static_base__            
0000268f  __TI_zero_init_nomemset       
000020b5  __aeabi_cdcmpeq               
000020b5  __aeabi_cdcmple               
0000213b  __aeabi_cdrcmple              
000024bd  __aeabi_d2iz                  
00001677  __aeabi_dadd                  
00001961  __aeabi_ddiv                  
00001dd5  __aeabi_dmul                  
0000166d  __aeabi_dsub                  
000027a1  __aeabi_errno_addr            
00002661  __aeabi_i2d                   
00000cbb  __aeabi_idiv0                 
00000cbb  __aeabi_ldiv0                 
000021c1  __aeabi_memclr                
000021c1  __aeabi_memclr4               
000021c1  __aeabi_memclr8               
00001f83  __aeabi_memcpy                
00001f83  __aeabi_memcpy4               
00001f83  __aeabi_memcpy8               
000021c3  __aeabi_memset                
000021c3  __aeabi_memset4               
000021c3  __aeabi_memset8               
0000201f  __aeabi_uldivmod              
ffffffff  __binit__                     
ffffffff  __c_args__                    
UNDEFED   __mpu_init                    
20000270  __stack                       
000025fd  _c_int00_noargs               
000027b0  _ctypes_                      
200022cc  _running                      
20001270  _sys_memory                   
UNDEFED   _system_post_cinit            
000027a9  _system_pre_init              
200022c4  _timeout_ticks                
000027ad  abort                         
00002471  atoi                          
ffffffff  binit                         
00001cf9  button_getButton              
00001ccd  button_init                   
000026c7  copysign                      
000026c7  copysignl                     
200022c8  errno                         
00002311  frexp                         
00002311  frexpl                        
20000000  g_pfnRAMVectors               
00000000  g_pfnVectors                  
00002775  lcd_clear                     
00000e91  lcd_gotoLine                  
00000cf9  lcd_init                      
00000ef7  lcd_printf                    
00000db9  lcd_putc                      
00000df1  lcd_puts                      
00000cbd  lcd_reverseNibble             
00000e0f  lcd_sendCommand               
00000e4d  lcd_sendNibble                
00000eb9  lcd_setCursorPos              
00001bbd  ldexp                         
00001bbd  ldexpl                        
000023cb  ltoa                          
00002727  main                          
000026ab  memccpy                       
00001f83  memcpy                        
000021c9  memset                        
00001bbd  scalbn                        
00001bbd  scalbnl                       
00002711  strchr                        
000026f9  strcmp                        
0000273b  strcpy                        
0000274f  strlen                        
00001373  timer_getMicros               
0000131b  timer_getMillis               
00001255  timer_init                    
000012f7  timer_pause                   
00001309  timer_resume                  
000012cd  timer_stop                    
000013cd  timer_waitMicros              
00001401  timer_waitMillis              
00002549  vsnprintf                     
00002763  wcslen                        


GLOBAL SYMBOLS: SORTED BY Symbol Address 

address   name                          
-------   ----                          
00000000  __TI_static_base__            
00000000  g_pfnVectors                  
0000026d  __TI_printfi                  
00000cbb  __aeabi_idiv0                 
00000cbb  __aeabi_ldiv0                 
00000cbd  lcd_reverseNibble             
00000cf9  lcd_init                      
00000db9  lcd_putc                      
00000df1  lcd_puts                      
00000e0f  lcd_sendCommand               
00000e4d  lcd_sendNibble                
00000e91  lcd_gotoLine                  
00000eb9  lcd_setCursorPos              
00000ef7  lcd_printf                    
00001000  __STACK_SIZE                  
00001000  __SYSMEM_SIZE                 
00001255  timer_init                    
000012cd  timer_stop                    
000012f7  timer_pause                   
00001309  timer_resume                  
0000131b  timer_getMillis               
00001373  timer_getMicros               
000013cd  timer_waitMicros              
00001401  timer_waitMillis              
0000166d  __aeabi_dsub                  
00001677  __aeabi_dadd                  
00001961  __aeabi_ddiv                  
00001bbd  ldexp                         
00001bbd  ldexpl                        
00001bbd  scalbn                        
00001bbd  scalbnl                       
00001ccd  button_init                   
00001cf9  button_getButton              
00001dd5  __aeabi_dmul                  
00001f83  __aeabi_memcpy                
00001f83  __aeabi_memcpy4               
00001f83  __aeabi_memcpy8               
00001f83  memcpy                        
0000201f  __aeabi_uldivmod              
000020b5  __aeabi_cdcmpeq               
000020b5  __aeabi_cdcmple               
0000213b  __aeabi_cdrcmple              
000021c1  __aeabi_memclr                
000021c1  __aeabi_memclr4               
000021c1  __aeabi_memclr8               
000021c3  __aeabi_memset                
000021c3  __aeabi_memset4               
000021c3  __aeabi_memset8               
000021c9  memset                        
000022a9  __TI_decompress_lzss          
00002311  frexp                         
00002311  frexpl                        
000023cb  ltoa                          
00002471  atoi                          
000024bd  __aeabi_d2iz                  
00002505  __TI_auto_init_nobinit_nopinit
00002549  vsnprintf                     
000025c9  IntRegister                   
000025fd  _c_int00_noargs               
00002661  __aeabi_i2d                   
0000268f  __TI_zero_init_nomemset       
000026ab  memccpy                       
000026c7  copysign                      
000026c7  copysignl                     
000026f9  strcmp                        
00002711  strchr                        
00002727  main                          
0000273b  strcpy                        
0000274f  strlen                        
00002763  wcslen                        
00002775  lcd_clear                     
00002785  __TI_decompress_none          
00002793  ResetISR                      
000027a1  __aeabi_errno_addr            
000027a9  _system_pre_init              
000027ad  C$$EXIT                       
000027ad  abort                         
000027b0  _ctypes_                      
000028c0  __TI_Handler_Table_Base       
000028cc  __TI_Handler_Table_Limit      
000028e8  __TI_CINIT_Base               
00002900  __TI_CINIT_Limit              
20000000  g_pfnRAMVectors               
20000270  __stack                       
20000470  __STACK_TOP                   
20001270  __STACK_END                   
20001270  _sys_memory                   
200022c4  _timeout_ticks                
200022c8  errno                         
200022cc  _running                      
ffffffff  __TI_pprof_out_hndl           
ffffffff  __TI_prof_data_size           
ffffffff  __TI_prof_data_start          
ffffffff  __binit__                     
ffffffff  __c_args__                    
ffffffff  binit                         
UNDEFED   __mpu_init                    
UNDEFED   _system_post_cinit            

[98 symbols]
