<?xml version="1.0" encoding="ISO-8859-1" ?>
<link_info>
   <banner>TI ARM Linker PC v18.12.2.LTS</banner>
   <copyright>Copyright (c) 1996-2018 Texas Instruments Incorporated</copyright>
   <link_time>0x5e5eeffe</link_time>
   <link_errors>0x0</link_errors>
   <output_file>Lab6.out</output_file>
   <entry_point>
      <name>_c_int00_noargs</name>
      <address>0x3179</address>
   </entry_point>
   <input_file_list>
      <input_file id="fl-2">
         <path>.\</path>
         <kind>object</kind>
         <file>Timer.obj</file>
         <name>Timer.obj</name>
      </input_file>
      <input_file id="fl-3">
         <path>.\</path>
         <kind>object</kind>
         <file>adc.obj</file>
         <name>adc.obj</name>
      </input_file>
      <input_file id="fl-4">
         <path>.\</path>
         <kind>object</kind>
         <file>button.obj</file>
         <name>button.obj</name>
      </input_file>
      <input_file id="fl-5">
         <path>.\</path>
         <kind>object</kind>
         <file>lab6_template.obj</file>
         <name>lab6_template.obj</name>
      </input_file>
      <input_file id="fl-6">
         <path>.\</path>
         <kind>object</kind>
         <file>lcd.obj</file>
         <name>lcd.obj</name>
      </input_file>
      <input_file id="fl-7">
         <path>.\</path>
         <kind>object</kind>
         <file>movement.obj</file>
         <name>movement.obj</name>
      </input_file>
      <input_file id="fl-8">
         <path>.\</path>
         <kind>object</kind>
         <file>open_interface.obj</file>
         <name>open_interface.obj</name>
      </input_file>
      <input_file id="fl-9">
         <path>.\</path>
         <kind>object</kind>
         <file>tm4c123gh6pm_startup_ccs.obj</file>
         <name>tm4c123gh6pm_startup_ccs.obj</name>
      </input_file>
      <input_file id="fl-a">
         <path>.\</path>
         <kind>object</kind>
         <file>uart.obj</file>
         <name>uart.obj</name>
      </input_file>
      <input_file id="fl-11">
         <kind>object</kind>
         <file>&lt;internal&gt;</file>
         <name>&lt;internal&gt;</name>
      </input_file>
      <input_file id="fl-c7">
         <path>C:\ti\ccs910\ccs\tools\compiler\ti-cgt-arm_18.12.2.LTS\lib\</path>
         <kind>archive</kind>
         <file>rtsv7M4_T_le_v4SPD16_eabi.lib</file>
         <name>vsnprintf.c.obj</name>
      </input_file>
      <input_file id="fl-c8">
         <path>C:\ti\ccs910\ccs\tools\compiler\ti-cgt-arm_18.12.2.LTS\lib\</path>
         <kind>archive</kind>
         <file>rtsv7M4_T_le_v4SPD16_eabi.lib</file>
         <name>e_pow.c.obj</name>
      </input_file>
      <input_file id="fl-c9">
         <path>C:\ti\ccs910\ccs\tools\compiler\ti-cgt-arm_18.12.2.LTS\lib\</path>
         <kind>archive</kind>
         <file>rtsv7M4_T_le_v4SPD16_eabi.lib</file>
         <name>e_sqrt.c.obj</name>
      </input_file>
      <input_file id="fl-ca">
         <path>C:\ti\ccs910\ccs\tools\compiler\ti-cgt-arm_18.12.2.LTS\lib\</path>
         <kind>archive</kind>
         <file>rtsv7M4_T_le_v4SPD16_eabi.lib</file>
         <name>s_scalbn.c.obj</name>
      </input_file>
      <input_file id="fl-cb">
         <path>C:\ti\ccs910\ccs\tools\compiler\ti-cgt-arm_18.12.2.LTS\lib\</path>
         <kind>archive</kind>
         <file>rtsv7M4_T_le_v4SPD16_eabi.lib</file>
         <name>fd_add_t2.asm.obj</name>
      </input_file>
      <input_file id="fl-cc">
         <path>C:\ti\ccs910\ccs\tools\compiler\ti-cgt-arm_18.12.2.LTS\lib\</path>
         <kind>archive</kind>
         <file>rtsv7M4_T_le_v4SPD16_eabi.lib</file>
         <name>fd_cmp_t2.asm.obj</name>
      </input_file>
      <input_file id="fl-cd">
         <path>C:\ti\ccs910\ccs\tools\compiler\ti-cgt-arm_18.12.2.LTS\lib\</path>
         <kind>archive</kind>
         <file>rtsv7M4_T_le_v4SPD16_eabi.lib</file>
         <name>fd_div_t2.asm.obj</name>
      </input_file>
      <input_file id="fl-ce">
         <path>C:\ti\ccs910\ccs\tools\compiler\ti-cgt-arm_18.12.2.LTS\lib\</path>
         <kind>archive</kind>
         <file>rtsv7M4_T_le_v4SPD16_eabi.lib</file>
         <name>fd_mul_t2.asm.obj</name>
      </input_file>
      <input_file id="fl-cf">
         <path>C:\ti\ccs910\ccs\tools\compiler\ti-cgt-arm_18.12.2.LTS\lib\</path>
         <kind>archive</kind>
         <file>rtsv7M4_T_le_v4SPD16_eabi.lib</file>
         <name>fd_tos_t2.asm.obj</name>
      </input_file>
      <input_file id="fl-d0">
         <path>C:\ti\ccs910\ccs\tools\compiler\ti-cgt-arm_18.12.2.LTS\lib\</path>
         <kind>archive</kind>
         <file>rtsv7M4_T_le_v4SPD16_eabi.lib</file>
         <name>fs_tod_t2.asm.obj</name>
      </input_file>
      <input_file id="fl-d1">
         <path>C:\ti\ccs910\ccs\tools\compiler\ti-cgt-arm_18.12.2.LTS\lib\</path>
         <kind>archive</kind>
         <file>rtsv7M4_T_le_v4SPD16_eabi.lib</file>
         <name>i_tofd_t2.asm.obj</name>
      </input_file>
      <input_file id="fl-d2">
         <path>C:\ti\ccs910\ccs\tools\compiler\ti-cgt-arm_18.12.2.LTS\lib\</path>
         <kind>archive</kind>
         <file>rtsv7M4_T_le_v4SPD16_eabi.lib</file>
         <name>memcpy_t2.asm.obj</name>
      </input_file>
      <input_file id="fl-d3">
         <path>C:\ti\ccs910\ccs\tools\compiler\ti-cgt-arm_18.12.2.LTS\lib\</path>
         <kind>archive</kind>
         <file>rtsv7M4_T_le_v4SPD16_eabi.lib</file>
         <name>copy_zero_init.c.obj</name>
      </input_file>
      <input_file id="fl-d4">
         <path>C:\ti\ccs910\ccs\tools\compiler\ti-cgt-arm_18.12.2.LTS\lib\</path>
         <kind>archive</kind>
         <file>rtsv7M4_T_le_v4SPD16_eabi.lib</file>
         <name>copy_decompress_none.c.obj</name>
      </input_file>
      <input_file id="fl-d5">
         <path>C:\ti\ccs910\ccs\tools\compiler\ti-cgt-arm_18.12.2.LTS\lib\</path>
         <kind>archive</kind>
         <file>rtsv7M4_T_le_v4SPD16_eabi.lib</file>
         <name>copy_decompress_lzss.c.obj</name>
      </input_file>
      <input_file id="fl-d6">
         <path>C:\ti\ccs910\ccs\tools\compiler\ti-cgt-arm_18.12.2.LTS\lib\</path>
         <kind>archive</kind>
         <file>rtsv7M4_T_le_v4SPD16_eabi.lib</file>
         <name>memory.c.obj</name>
      </input_file>
      <input_file id="fl-d7">
         <path>C:\ti\ccs910\ccs\tools\compiler\ti-cgt-arm_18.12.2.LTS\lib\</path>
         <kind>archive</kind>
         <file>rtsv7M4_T_le_v4SPD16_eabi.lib</file>
         <name>strcmp.c.obj</name>
      </input_file>
      <input_file id="fl-d8">
         <path>C:\ti\ccs910\ccs\tools\compiler\ti-cgt-arm_18.12.2.LTS\lib\</path>
         <kind>archive</kind>
         <file>rtsv7M4_T_le_v4SPD16_eabi.lib</file>
         <name>strcpy.c.obj</name>
      </input_file>
      <input_file id="fl-d9">
         <path>C:\ti\ccs910\ccs\tools\compiler\ti-cgt-arm_18.12.2.LTS\lib\</path>
         <kind>archive</kind>
         <file>rtsv7M4_T_le_v4SPD16_eabi.lib</file>
         <name>boot_cortex_m.c.obj</name>
      </input_file>
      <input_file id="fl-da">
         <path>C:\ti\ccs910\ccs\tools\compiler\ti-cgt-arm_18.12.2.LTS\lib\</path>
         <kind>archive</kind>
         <file>rtsv7M4_T_le_v4SPD16_eabi.lib</file>
         <name>errno.c.obj</name>
      </input_file>
      <input_file id="fl-db">
         <path>C:\ti\ccs910\ccs\tools\compiler\ti-cgt-arm_18.12.2.LTS\lib\</path>
         <kind>archive</kind>
         <file>rtsv7M4_T_le_v4SPD16_eabi.lib</file>
         <name>s_copysign.c.obj</name>
      </input_file>
      <input_file id="fl-dc">
         <path>C:\ti\ccs910\ccs\tools\compiler\ti-cgt-arm_18.12.2.LTS\lib\</path>
         <kind>archive</kind>
         <file>rtsv7M4_T_le_v4SPD16_eabi.lib</file>
         <name>_printfi.c.obj</name>
      </input_file>
      <input_file id="fl-dd">
         <path>C:\ti\ccs910\ccs\tools\compiler\ti-cgt-arm_18.12.2.LTS\lib\</path>
         <kind>archive</kind>
         <file>rtsv7M4_T_le_v4SPD16_eabi.lib</file>
         <name>s_frexp.c.obj</name>
      </input_file>
      <input_file id="fl-de">
         <path>C:\ti\ccs910\ccs\tools\compiler\ti-cgt-arm_18.12.2.LTS\lib\</path>
         <kind>archive</kind>
         <file>rtsv7M4_T_le_v4SPD16_eabi.lib</file>
         <name>ull_div_t2.asm.obj</name>
      </input_file>
      <input_file id="fl-df">
         <path>C:\ti\ccs910\ccs\tools\compiler\ti-cgt-arm_18.12.2.LTS\lib\</path>
         <kind>archive</kind>
         <file>rtsv7M4_T_le_v4SPD16_eabi.lib</file>
         <name>memset_t2.asm.obj</name>
      </input_file>
      <input_file id="fl-e0">
         <path>C:\ti\ccs910\ccs\tools\compiler\ti-cgt-arm_18.12.2.LTS\lib\</path>
         <kind>archive</kind>
         <file>rtsv7M4_T_le_v4SPD16_eabi.lib</file>
         <name>fd_toi_t2.asm.obj</name>
      </input_file>
      <input_file id="fl-e1">
         <path>C:\ti\ccs910\ccs\tools\compiler\ti-cgt-arm_18.12.2.LTS\lib\</path>
         <kind>archive</kind>
         <file>rtsv7M4_T_le_v4SPD16_eabi.lib</file>
         <name>autoinit.c.obj</name>
      </input_file>
      <input_file id="fl-e2">
         <path>C:\ti\ccs910\ccs\tools\compiler\ti-cgt-arm_18.12.2.LTS\lib\</path>
         <kind>archive</kind>
         <file>rtsv7M4_T_le_v4SPD16_eabi.lib</file>
         <name>pre_init.c.obj</name>
      </input_file>
      <input_file id="fl-e3">
         <path>C:\ti\ccs910\ccs\tools\compiler\ti-cgt-arm_18.12.2.LTS\lib\</path>
         <kind>archive</kind>
         <file>rtsv7M4_T_le_v4SPD16_eabi.lib</file>
         <name>cpy_tbl.c.obj</name>
      </input_file>
      <input_file id="fl-e4">
         <path>C:\ti\ccs910\ccs\tools\compiler\ti-cgt-arm_18.12.2.LTS\lib\</path>
         <kind>archive</kind>
         <file>rtsv7M4_T_le_v4SPD16_eabi.lib</file>
         <name>exit.c.obj</name>
      </input_file>
      <input_file id="fl-e5">
         <path>C:\ti\ccs910\ccs\tools\compiler\ti-cgt-arm_18.12.2.LTS\lib\</path>
         <kind>archive</kind>
         <file>rtsv7M4_T_le_v4SPD16_eabi.lib</file>
         <name>_lock.c.obj</name>
      </input_file>
      <input_file id="fl-e6">
         <path>C:\ti\ccs910\ccs\tools\compiler\ti-cgt-arm_18.12.2.LTS\lib\</path>
         <kind>archive</kind>
         <file>rtsv7M4_T_le_v4SPD16_eabi.lib</file>
         <name>args_main.c.obj</name>
      </input_file>
      <input_file id="fl-e7">
         <path>C:\ti\ccs910\ccs\tools\compiler\ti-cgt-arm_18.12.2.LTS\lib\</path>
         <kind>archive</kind>
         <file>rtsv7M4_T_le_v4SPD16_eabi.lib</file>
         <name>atoi.c.obj</name>
      </input_file>
      <input_file id="fl-e8">
         <path>C:\ti\ccs910\ccs\tools\compiler\ti-cgt-arm_18.12.2.LTS\lib\</path>
         <kind>archive</kind>
         <file>rtsv7M4_T_le_v4SPD16_eabi.lib</file>
         <name>ctype.c.obj</name>
      </input_file>
      <input_file id="fl-e9">
         <path>C:\ti\ccs910\ccs\tools\compiler\ti-cgt-arm_18.12.2.LTS\lib\</path>
         <kind>archive</kind>
         <file>rtsv7M4_T_le_v4SPD16_eabi.lib</file>
         <name>ltoa.c.obj</name>
      </input_file>
      <input_file id="fl-ea">
         <path>C:\ti\ccs910\ccs\tools\compiler\ti-cgt-arm_18.12.2.LTS\lib\</path>
         <kind>archive</kind>
         <file>rtsv7M4_T_le_v4SPD16_eabi.lib</file>
         <name>memccpy.c.obj</name>
      </input_file>
      <input_file id="fl-eb">
         <path>C:\ti\ccs910\ccs\tools\compiler\ti-cgt-arm_18.12.2.LTS\lib\</path>
         <kind>archive</kind>
         <file>rtsv7M4_T_le_v4SPD16_eabi.lib</file>
         <name>strchr.c.obj</name>
      </input_file>
      <input_file id="fl-ec">
         <path>C:\ti\ccs910\ccs\tools\compiler\ti-cgt-arm_18.12.2.LTS\lib\</path>
         <kind>archive</kind>
         <file>rtsv7M4_T_le_v4SPD16_eabi.lib</file>
         <name>strlen.c.obj</name>
      </input_file>
      <input_file id="fl-ed">
         <path>C:\ti\ccs910\ccs\tools\compiler\ti-cgt-arm_18.12.2.LTS\lib\</path>
         <kind>archive</kind>
         <file>rtsv7M4_T_le_v4SPD16_eabi.lib</file>
         <name>wcslen.c.obj</name>
      </input_file>
      <input_file id="fl-ee">
         <path>C:\ti\ccs910\ccs\tools\compiler\ti-cgt-arm_18.12.2.LTS\lib\</path>
         <kind>archive</kind>
         <file>rtsv7M4_T_le_v4SPD16_eabi.lib</file>
         <name>div0.asm.obj</name>
      </input_file>
      <input_file id="fl-ef">
         <path>C:\ti\TivaWare_C_Series-2.1.4.178\driverlib\ccs\Debug\</path>
         <kind>archive</kind>
         <file>driverlib.lib</file>
         <name>interrupt.obj</name>
      </input_file>
      <input_file id="fl-f0">
         <path>C:\ti\TivaWare_C_Series-2.1.4.178\driverlib\ccs\Debug\</path>
         <kind>archive</kind>
         <file>driverlib.lib</file>
         <name>cpu.obj</name>
      </input_file>
   </input_file_list>
   <object_component_list>
      <object_component id="oc-f">
         <name>.intvecs</name>
         <load_address>0x0</load_address>
         <run_address>0x0</run_address>
         <size>0x26c</size>
         <input_file_ref idref="fl-9"/>
      </object_component>
      <object_component id="oc-192">
         <name>.text:__TI_printfi</name>
         <load_address>0x26c</load_address>
         <run_address>0x26c</run_address>
         <size>0xa4e</size>
         <input_file_ref idref="fl-dc"/>
      </object_component>
      <object_component id="oc-2ff">
         <name>.text</name>
         <load_address>0xcba</load_address>
         <run_address>0xcba</run_address>
         <size>0x2</size>
         <input_file_ref idref="fl-ee"/>
      </object_component>
      <object_component id="oc-15a">
         <name>.text:pow</name>
         <load_address>0xcbc</load_address>
         <run_address>0xcbc</run_address>
         <size>0x9c0</size>
         <input_file_ref idref="fl-c8"/>
      </object_component>
      <object_component id="oc-da">
         <name>.text</name>
         <load_address>0x167c</load_address>
         <run_address>0x167c</run_address>
         <size>0x328</size>
         <input_file_ref idref="fl-6"/>
      </object_component>
      <object_component id="oc-23c">
         <name>.text:_pconv_a</name>
         <load_address>0x19a4</load_address>
         <run_address>0x19a4</run_address>
         <size>0x270</size>
         <input_file_ref idref="fl-dc"/>
      </object_component>
      <object_component id="oc-d4">
         <name>.text</name>
         <load_address>0x1c14</load_address>
         <run_address>0x1c14</run_address>
         <size>0x248</size>
         <input_file_ref idref="fl-2"/>
      </object_component>
      <object_component id="oc-22a">
         <name>.text:_pconv_g</name>
         <load_address>0x1e5c</load_address>
         <run_address>0x1e5c</run_address>
         <size>0x1d0</size>
         <input_file_ref idref="fl-dc"/>
      </object_component>
      <object_component id="oc-1bc">
         <name>.text</name>
         <load_address>0x202c</load_address>
         <run_address>0x202c</run_address>
         <size>0x1b6</size>
         <input_file_ref idref="fl-cb"/>
      </object_component>
      <object_component id="oc-1c6">
         <name>.text:sqrt</name>
         <load_address>0x21e4</load_address>
         <run_address>0x21e4</run_address>
         <size>0x158</size>
         <input_file_ref idref="fl-c9"/>
      </object_component>
      <object_component id="oc-236">
         <name>.text:_pconv_e</name>
         <load_address>0x233c</load_address>
         <run_address>0x233c</run_address>
         <size>0x13c</size>
         <input_file_ref idref="fl-dc"/>
      </object_component>
      <object_component id="oc-1c1">
         <name>.text</name>
         <load_address>0x2478</load_address>
         <run_address>0x2478</run_address>
         <size>0x136</size>
         <input_file_ref idref="fl-cd"/>
      </object_component>
      <object_component id="oc-e0">
         <name>.text</name>
         <load_address>0x25b0</load_address>
         <run_address>0x25b0</run_address>
         <size>0x130</size>
         <input_file_ref idref="fl-3"/>
      </object_component>
      <object_component id="oc-2b8">
         <name>.text:fcvt</name>
         <load_address>0x26e0</load_address>
         <run_address>0x26e0</run_address>
         <size>0x124</size>
         <input_file_ref idref="fl-dc"/>
      </object_component>
      <object_component id="oc-1df">
         <name>.text:scalbn</name>
         <load_address>0x2804</load_address>
         <run_address>0x2804</run_address>
         <size>0x110</size>
         <input_file_ref idref="fl-ca"/>
      </object_component>
      <object_component id="oc-160">
         <name>.text</name>
         <load_address>0x2914</load_address>
         <run_address>0x2914</run_address>
         <size>0xfc</size>
         <input_file_ref idref="fl-ce"/>
      </object_component>
      <object_component id="oc-224">
         <name>.text:_ltostr</name>
         <load_address>0x2a10</load_address>
         <run_address>0x2a10</run_address>
         <size>0xb1</size>
         <input_file_ref idref="fl-dc"/>
      </object_component>
      <object_component id="oc-3b">
         <name>.text</name>
         <load_address>0x2ac2</load_address>
         <run_address>0x2ac2</run_address>
         <size>0x9c</size>
         <input_file_ref idref="fl-d2"/>
      </object_component>
      <object_component id="oc-29a">
         <name>.text</name>
         <load_address>0x2b5e</load_address>
         <run_address>0x2b5e</run_address>
         <size>0x96</size>
         <input_file_ref idref="fl-de"/>
      </object_component>
      <object_component id="oc-1d5">
         <name>.text:__aeabi_cdcmple</name>
         <load_address>0x2bf4</load_address>
         <run_address>0x2bf4</run_address>
         <size>0x86</size>
         <input_file_ref idref="fl-cc"/>
      </object_component>
      <object_component id="oc-1da">
         <name>.text:__aeabi_cdrcmple</name>
         <load_address>0x2c7a</load_address>
         <run_address>0x2c7a</run_address>
         <size>0x86</size>
         <input_file_ref idref="fl-cc"/>
      </object_component>
      <object_component id="oc-93">
         <name>.text</name>
         <load_address>0x2d00</load_address>
         <run_address>0x2d00</run_address>
         <size>0x7a</size>
         <input_file_ref idref="fl-df"/>
      </object_component>
      <object_component id="oc-2b1">
         <name>.text:_mcpy</name>
         <load_address>0x2d7a</load_address>
         <run_address>0x2d7a</run_address>
         <size>0x6e</size>
         <input_file_ref idref="fl-dc"/>
      </object_component>
      <object_component id="oc-12">
         <name>.text:decompress:lzss:__TI_decompress_lzss</name>
         <load_address>0x2de8</load_address>
         <run_address>0x2de8</run_address>
         <size>0x68</size>
         <input_file_ref idref="fl-d5"/>
      </object_component>
      <object_component id="oc-2c6">
         <name>.text:frexp</name>
         <load_address>0x2e50</load_address>
         <run_address>0x2e50</run_address>
         <size>0x64</size>
         <input_file_ref idref="fl-dd"/>
      </object_component>
      <object_component id="oc-230">
         <name>.text:_pconv_f</name>
         <load_address>0x2eb4</load_address>
         <run_address>0x2eb4</run_address>
         <size>0x56</size>
         <input_file_ref idref="fl-dc"/>
      </object_component>
      <object_component id="oc-2a5">
         <name>.text:ltoa</name>
         <load_address>0x2f0a</load_address>
         <run_address>0x2f0a</run_address>
         <size>0x54</size>
         <input_file_ref idref="fl-e9"/>
      </object_component>
      <object_component id="oc-2ab">
         <name>.text:_ecpy</name>
         <load_address>0x2f5e</load_address>
         <run_address>0x2f5e</run_address>
         <size>0x52</size>
         <input_file_ref idref="fl-dc"/>
      </object_component>
      <object_component id="oc-21e">
         <name>.text:atoi</name>
         <load_address>0x2fb0</load_address>
         <run_address>0x2fb0</run_address>
         <size>0x4c</size>
         <input_file_ref idref="fl-e7"/>
      </object_component>
      <object_component id="oc-2a0">
         <name>.text</name>
         <load_address>0x2ffc</load_address>
         <run_address>0x2ffc</run_address>
         <size>0x48</size>
         <input_file_ref idref="fl-e0"/>
      </object_component>
      <object_component id="oc-f3">
         <name>.text:__TI_auto_init_nobinit_nopinit:__TI_auto_init_nobinit_nopinit</name>
         <load_address>0x3044</load_address>
         <run_address>0x3044</run_address>
         <size>0x44</size>
         <input_file_ref idref="fl-e1"/>
      </object_component>
      <object_component id="oc-139">
         <name>.text:vsnprintf</name>
         <load_address>0x3088</load_address>
         <run_address>0x3088</run_address>
         <size>0x40</size>
         <input_file_ref idref="fl-c7"/>
      </object_component>
      <object_component id="oc-2be">
         <name>.text:_fcpy</name>
         <load_address>0x30c8</load_address>
         <run_address>0x30c8</run_address>
         <size>0x3e</size>
         <input_file_ref idref="fl-dc"/>
      </object_component>
      <object_component id="oc-9f">
         <name>.text</name>
         <load_address>0x3108</load_address>
         <run_address>0x3108</run_address>
         <size>0x3c</size>
         <input_file_ref idref="fl-5"/>
      </object_component>
      <object_component id="oc-127">
         <name>.text:IntRegister</name>
         <load_address>0x3144</load_address>
         <run_address>0x3144</run_address>
         <size>0x34</size>
         <input_file_ref idref="fl-ef"/>
      </object_component>
      <object_component id="oc-59">
         <name>.text:_c_int00_noargs:_c_int00_noargs</name>
         <load_address>0x3178</load_address>
         <run_address>0x3178</run_address>
         <size>0x34</size>
         <input_file_ref idref="fl-d9"/>
      </object_component>
      <object_component id="oc-198">
         <name>.text:_outs</name>
         <load_address>0x31ac</load_address>
         <run_address>0x31ac</run_address>
         <size>0x30</size>
         <input_file_ref idref="fl-c7"/>
      </object_component>
      <object_component id="oc-155">
         <name>.text</name>
         <load_address>0x31dc</load_address>
         <run_address>0x31dc</run_address>
         <size>0x2e</size>
         <input_file_ref idref="fl-d1"/>
      </object_component>
      <object_component id="oc-47">
         <name>.text:decompress:ZI:__TI_zero_init_nomemset:__TI_zero_init_nomemset</name>
         <load_address>0x320a</load_address>
         <run_address>0x320a</run_address>
         <size>0x1c</size>
         <input_file_ref idref="fl-d3"/>
      </object_component>
      <object_component id="oc-242">
         <name>.text:memccpy</name>
         <load_address>0x3226</load_address>
         <run_address>0x3226</run_address>
         <size>0x1c</size>
         <input_file_ref idref="fl-ea"/>
      </object_component>
      <object_component id="oc-270">
         <name>.text:copysign</name>
         <load_address>0x3242</load_address>
         <run_address>0x3242</run_address>
         <size>0x1a</size>
         <input_file_ref idref="fl-db"/>
      </object_component>
      <object_component id="oc-19e">
         <name>.text:_outc</name>
         <load_address>0x325c</load_address>
         <run_address>0x325c</run_address>
         <size>0x18</size>
         <input_file_ref idref="fl-c7"/>
      </object_component>
      <object_component id="oc-13f">
         <name>.text:strcmp</name>
         <load_address>0x3274</load_address>
         <run_address>0x3274</run_address>
         <size>0x18</size>
         <input_file_ref idref="fl-d7"/>
      </object_component>
      <object_component id="oc-2cc">
         <name>.text:strchr</name>
         <load_address>0x328c</load_address>
         <run_address>0x328c</run_address>
         <size>0x16</size>
         <input_file_ref idref="fl-eb"/>
      </object_component>
      <object_component id="oc-145">
         <name>.text:strcpy</name>
         <load_address>0x32a2</load_address>
         <run_address>0x32a2</run_address>
         <size>0x14</size>
         <input_file_ref idref="fl-d8"/>
      </object_component>
      <object_component id="oc-218">
         <name>.text:strlen</name>
         <load_address>0x32b6</load_address>
         <run_address>0x32b6</run_address>
         <size>0x14</size>
         <input_file_ref idref="fl-ec"/>
      </object_component>
      <object_component id="oc-248">
         <name>.text:wcslen</name>
         <load_address>0x32ca</load_address>
         <run_address>0x32ca</run_address>
         <size>0x12</size>
         <input_file_ref idref="fl-ed"/>
      </object_component>
      <object_component id="oc-132">
         <name>.text:lcd_clear</name>
         <load_address>0x32dc</load_address>
         <run_address>0x32dc</run_address>
         <size>0x10</size>
         <input_file_ref idref="fl-6"/>
      </object_component>
      <object_component id="oc-18">
         <name>.text:decompress:none:__TI_decompress_none</name>
         <load_address>0x32ec</load_address>
         <run_address>0x32ec</run_address>
         <size>0xe</size>
         <input_file_ref idref="fl-d4"/>
      </object_component>
      <object_component id="oc-27">
         <name>.text</name>
         <load_address>0x32fa</load_address>
         <run_address>0x32fa</run_address>
         <size>0xc</size>
         <input_file_ref idref="fl-9"/>
      </object_component>
      <object_component id="oc-1cc">
         <name>.text:__aeabi_errno_addr</name>
         <load_address>0x3308</load_address>
         <run_address>0x3308</run_address>
         <size>0x8</size>
         <input_file_ref idref="fl-da"/>
      </object_component>
      <object_component id="oc-99">
         <name>.text:_system_pre_init</name>
         <load_address>0x3310</load_address>
         <run_address>0x3310</run_address>
         <size>0x4</size>
         <input_file_ref idref="fl-e2"/>
      </object_component>
      <object_component id="oc-e7">
         <name>.text:abort:abort</name>
         <load_address>0x3314</load_address>
         <run_address>0x3314</run_address>
         <size>0x4</size>
         <input_file_ref idref="fl-e4"/>
      </object_component>
      <object_component id="oc-295">
         <name>.const:.string:_ctypes_</name>
         <load_address>0x3318</load_address>
         <run_address>0x3318</run_address>
         <size>0x101</size>
         <input_file_ref idref="fl-e8"/>
      </object_component>
      <object_component id="oc-14b">
         <name>.const:.string:lineAddress$1</name>
         <load_address>0x3419</load_address>
         <run_address>0x3419</run_address>
         <size>0x4</size>
         <input_file_ref idref="fl-6"/>
      </object_component>
      <object_component id="oc-1d2">
         <name>.const:$O1$$</name>
         <load_address>0x3420</load_address>
         <run_address>0x3420</run_address>
         <size>0x30</size>
         <input_file_ref idref="fl-c8"/>
      </object_component>
      <object_component id="oc-14c">
         <name>.const:.string:lineAddresses$2</name>
         <load_address>0x3450</load_address>
         <run_address>0x3450</run_address>
         <size>0x4</size>
         <input_file_ref idref="fl-6"/>
      </object_component>
      <object_component id="oc-34e">
         <name>__TI_handler_table</name>
         <load_address>0x3458</load_address>
         <run_address>0x3458</run_address>
         <size>0xc</size>
      </object_component>
      <object_component id="oc-352">
         <name>.cinit..bss.load</name>
         <load_address>0x3468</load_address>
         <run_address>0x3468</run_address>
         <size>0x8</size>
      </object_component>
      <object_component id="oc-350">
         <name>.cinit..vtable.load</name>
         <load_address>0x3470</load_address>
         <run_address>0x3470</run_address>
         <size>0x8</size>
      </object_component>
      <object_component id="oc-351">
         <name>.cinit..data.load</name>
         <load_address>0x3478</load_address>
         <run_address>0x3478</run_address>
         <size>0x7</size>
      </object_component>
      <object_component id="oc-34f">
         <name>__TI_cinit_table</name>
         <load_address>0x3480</load_address>
         <run_address>0x3480</run_address>
         <size>0x18</size>
      </object_component>
      <object_component id="oc-186">
         <name>.vtable</name>
         <uninitialized>true</uninitialized>
         <run_address>0x20000000</run_address>
         <size>0x26c</size>
         <input_file_ref idref="fl-ef"/>
      </object_component>
      <object_component id="oc-12d">
         <name>.data</name>
         <load_address>0x200022cc</load_address>
         <run_address>0x200022cc</run_address>
         <size>0x1</size>
         <input_file_ref idref="fl-2"/>
      </object_component>
      <object_component id="oc-267">
         <name>.data</name>
         <load_address>0x200022c8</load_address>
         <run_address>0x200022c8</run_address>
         <size>0x4</size>
         <input_file_ref idref="fl-da"/>
      </object_component>
      <object_component id="oc-14d">
         <name>.bss:lastbuffer$3</name>
         <uninitialized>true</uninitialized>
         <run_address>0x20002270</run_address>
         <size>0x54</size>
         <input_file_ref idref="fl-6"/>
      </object_component>
      <object_component id="oc-130">
         <name>.common:_timeout_ticks</name>
         <uninitialized>true</uninitialized>
         <run_address>0x200022c4</run_address>
         <size>0x4</size>
      </object_component>
      <object_component id="oc-21">
         <name>.sysmem</name>
         <uninitialized>true</uninitialized>
         <run_address>0x20001270</run_address>
         <size>0x10</size>
         <input_file_ref idref="fl-d6"/>
      </object_component>
      <object_component id="oc-354">
         <name>.sysmem</name>
         <uninitialized>true</uninitialized>
         <run_address>0x20001270</run_address>
         <size>0x0</size>
      </object_component>
      <object_component id="oc-24">
         <name>.stack</name>
         <uninitialized>true</uninitialized>
         <run_address>0x20000270</run_address>
         <size>0x4</size>
         <input_file_ref idref="fl-d9"/>
      </object_component>
      <object_component id="oc-353">
         <name>.stack</name>
         <uninitialized>true</uninitialized>
         <run_address>0x20000270</run_address>
         <size>0x0</size>
      </object_component>
      <object_component id="oc-c2">
         <name>.debug_info</name>
         <load_address>0x0</load_address>
         <run_address>0x0</run_address>
         <size>0x2a9</size>
         <input_file_ref idref="fl-2"/>
      </object_component>
      <object_component id="oc-12e">
         <name>.debug_info</name>
         <load_address>0x2a9</load_address>
         <run_address>0x2a9</run_address>
         <size>0xb7</size>
         <input_file_ref idref="fl-2"/>
      </object_component>
      <object_component id="oc-d8">
         <name>.debug_info</name>
         <load_address>0x360</load_address>
         <run_address>0x360</run_address>
         <size>0x4ff</size>
         <input_file_ref idref="fl-2"/>
      </object_component>
      <object_component id="oc-74">
         <name>.debug_info</name>
         <load_address>0x85f</load_address>
         <run_address>0x85f</run_address>
         <size>0x26b</size>
         <input_file_ref idref="fl-2"/>
      </object_component>
      <object_component id="oc-36">
         <name>.debug_info</name>
         <load_address>0xaca</load_address>
         <run_address>0xaca</run_address>
         <size>0x84</size>
         <input_file_ref idref="fl-2"/>
      </object_component>
      <object_component id="oc-bd">
         <name>.debug_info</name>
         <load_address>0xb4e</load_address>
         <run_address>0xb4e</run_address>
         <size>0x297</size>
         <input_file_ref idref="fl-2"/>
      </object_component>
      <object_component id="oc-79">
         <name>.debug_info</name>
         <load_address>0xde5</load_address>
         <run_address>0xde5</run_address>
         <size>0xbb</size>
         <input_file_ref idref="fl-2"/>
      </object_component>
      <object_component id="oc-e1">
         <name>.debug_info</name>
         <load_address>0xea0</load_address>
         <run_address>0xea0</run_address>
         <size>0x1f9</size>
         <input_file_ref idref="fl-3"/>
      </object_component>
      <object_component id="oc-262">
         <name>.debug_info</name>
         <load_address>0x1099</load_address>
         <run_address>0x1099</run_address>
         <size>0x27b</size>
         <input_file_ref idref="fl-4"/>
      </object_component>
      <object_component id="oc-1b6">
         <name>.debug_info</name>
         <load_address>0x1314</load_address>
         <run_address>0x1314</run_address>
         <size>0xcc</size>
         <input_file_ref idref="fl-4"/>
      </object_component>
      <object_component id="oc-150">
         <name>.debug_info</name>
         <load_address>0x13e0</load_address>
         <run_address>0x13e0</run_address>
         <size>0x2c</size>
         <input_file_ref idref="fl-4"/>
      </object_component>
      <object_component id="oc-a0">
         <name>.debug_info</name>
         <load_address>0x140c</load_address>
         <run_address>0x140c</run_address>
         <size>0x1aa</size>
         <input_file_ref idref="fl-5"/>
      </object_component>
      <object_component id="oc-14f">
         <name>.debug_info</name>
         <load_address>0x15b6</load_address>
         <run_address>0x15b6</run_address>
         <size>0x371</size>
         <input_file_ref idref="fl-6"/>
      </object_component>
      <object_component id="oc-133">
         <name>.debug_info</name>
         <load_address>0x1927</load_address>
         <run_address>0x1927</run_address>
         <size>0x10c</size>
         <input_file_ref idref="fl-6"/>
      </object_component>
      <object_component id="oc-de">
         <name>.debug_info</name>
         <load_address>0x1a33</load_address>
         <run_address>0x1a33</run_address>
         <size>0x898</size>
         <input_file_ref idref="fl-6"/>
      </object_component>
      <object_component id="oc-211">
         <name>.debug_info</name>
         <load_address>0x22cb</load_address>
         <run_address>0x22cb</run_address>
         <size>0x8b</size>
         <input_file_ref idref="fl-8"/>
      </object_component>
      <object_component id="oc-2f">
         <name>.debug_info</name>
         <load_address>0x2356</load_address>
         <run_address>0x2356</run_address>
         <size>0x293</size>
         <input_file_ref idref="fl-9"/>
      </object_component>
      <object_component id="oc-10">
         <name>.debug_info</name>
         <load_address>0x25e9</load_address>
         <run_address>0x25e9</run_address>
         <size>0xd2</size>
         <input_file_ref idref="fl-9"/>
      </object_component>
      <object_component id="oc-29">
         <name>.debug_info</name>
         <load_address>0x26bb</load_address>
         <run_address>0x26bb</run_address>
         <size>0x24e</size>
         <input_file_ref idref="fl-9"/>
      </object_component>
      <object_component id="oc-1a5">
         <name>.debug_info</name>
         <load_address>0x2909</load_address>
         <run_address>0x2909</run_address>
         <size>0x341</size>
         <input_file_ref idref="fl-c7"/>
      </object_component>
      <object_component id="oc-13b">
         <name>.debug_info</name>
         <load_address>0x2c4a</load_address>
         <run_address>0x2c4a</run_address>
         <size>0x209</size>
         <input_file_ref idref="fl-c7"/>
      </object_component>
      <object_component id="oc-19a">
         <name>.debug_info</name>
         <load_address>0x2e53</load_address>
         <run_address>0x2e53</run_address>
         <size>0x1c7</size>
         <input_file_ref idref="fl-c7"/>
      </object_component>
      <object_component id="oc-1a1">
         <name>.debug_info</name>
         <load_address>0x301a</load_address>
         <run_address>0x301a</run_address>
         <size>0x17a</size>
         <input_file_ref idref="fl-c7"/>
      </object_component>
      <object_component id="oc-1a6">
         <name>.debug_info</name>
         <load_address>0x3194</load_address>
         <run_address>0x3194</run_address>
         <size>0x2c</size>
         <input_file_ref idref="fl-c7"/>
      </object_component>
      <object_component id="oc-1ab">
         <name>.debug_info</name>
         <load_address>0x31c0</load_address>
         <run_address>0x31c0</run_address>
         <size>0x69</size>
         <input_file_ref idref="fl-c7"/>
      </object_component>
      <object_component id="oc-1eb">
         <name>.debug_info</name>
         <load_address>0x3229</load_address>
         <run_address>0x3229</run_address>
         <size>0x364</size>
         <input_file_ref idref="fl-c8"/>
      </object_component>
      <object_component id="oc-1d3">
         <name>.debug_info</name>
         <load_address>0x358d</load_address>
         <run_address>0x358d</run_address>
         <size>0x129</size>
         <input_file_ref idref="fl-c8"/>
      </object_component>
      <object_component id="oc-15d">
         <name>.debug_info</name>
         <load_address>0x36b6</load_address>
         <run_address>0x36b6</run_address>
         <size>0xbe0</size>
         <input_file_ref idref="fl-c8"/>
      </object_component>
      <object_component id="oc-27d">
         <name>.debug_info</name>
         <load_address>0x4296</load_address>
         <run_address>0x4296</run_address>
         <size>0x46</size>
         <input_file_ref idref="fl-c8"/>
      </object_component>
      <object_component id="oc-1e6">
         <name>.debug_info</name>
         <load_address>0x42dc</load_address>
         <run_address>0x42dc</run_address>
         <size>0x39</size>
         <input_file_ref idref="fl-c8"/>
      </object_component>
      <object_component id="oc-266">
         <name>.debug_info</name>
         <load_address>0x4315</load_address>
         <run_address>0x4315</run_address>
         <size>0x2cb</size>
         <input_file_ref idref="fl-c9"/>
      </object_component>
      <object_component id="oc-1c8">
         <name>.debug_info</name>
         <load_address>0x45e0</load_address>
         <run_address>0x45e0</run_address>
         <size>0x24e</size>
         <input_file_ref idref="fl-c9"/>
      </object_component>
      <object_component id="oc-277">
         <name>.debug_info</name>
         <load_address>0x482e</load_address>
         <run_address>0x482e</run_address>
         <size>0x2fe</size>
         <input_file_ref idref="fl-ca"/>
      </object_component>
      <object_component id="oc-1e0">
         <name>.debug_info</name>
         <load_address>0x4b2c</load_address>
         <run_address>0x4b2c</run_address>
         <size>0x226</size>
         <input_file_ref idref="fl-ca"/>
      </object_component>
      <object_component id="oc-2f3">
         <name>.debug_info</name>
         <load_address>0x4d52</load_address>
         <run_address>0x4d52</run_address>
         <size>0x39</size>
         <input_file_ref idref="fl-ca"/>
      </object_component>
      <object_component id="oc-278">
         <name>.debug_info</name>
         <load_address>0x4d8b</load_address>
         <run_address>0x4d8b</run_address>
         <size>0x2c</size>
         <input_file_ref idref="fl-ca"/>
      </object_component>
      <object_component id="oc-1be">
         <name>.debug_info</name>
         <load_address>0x4db7</load_address>
         <run_address>0x4db7</run_address>
         <size>0x14d</size>
         <input_file_ref idref="fl-cb"/>
      </object_component>
      <object_component id="oc-1d6">
         <name>.debug_info</name>
         <load_address>0x4f04</load_address>
         <run_address>0x4f04</run_address>
         <size>0x129</size>
         <input_file_ref idref="fl-cc"/>
      </object_component>
      <object_component id="oc-1dc">
         <name>.debug_info</name>
         <load_address>0x502d</load_address>
         <run_address>0x502d</run_address>
         <size>0x12b</size>
         <input_file_ref idref="fl-cc"/>
      </object_component>
      <object_component id="oc-1c2">
         <name>.debug_info</name>
         <load_address>0x5158</load_address>
         <run_address>0x5158</run_address>
         <size>0x13b</size>
         <input_file_ref idref="fl-cd"/>
      </object_component>
      <object_component id="oc-161">
         <name>.debug_info</name>
         <load_address>0x5293</load_address>
         <run_address>0x5293</run_address>
         <size>0x13b</size>
         <input_file_ref idref="fl-ce"/>
      </object_component>
      <object_component id="oc-157">
         <name>.debug_info</name>
         <load_address>0x53ce</load_address>
         <run_address>0x53ce</run_address>
         <size>0x12d</size>
         <input_file_ref idref="fl-d1"/>
      </object_component>
      <object_component id="oc-3c">
         <name>.debug_info</name>
         <load_address>0x54fb</load_address>
         <run_address>0x54fb</run_address>
         <size>0x11a</size>
         <input_file_ref idref="fl-d2"/>
      </object_component>
      <object_component id="oc-92">
         <name>.debug_info</name>
         <load_address>0x5615</load_address>
         <run_address>0x5615</run_address>
         <size>0x2d5</size>
         <input_file_ref idref="fl-d3"/>
      </object_component>
      <object_component id="oc-4b">
         <name>.debug_info</name>
         <load_address>0x58ea</load_address>
         <run_address>0x58ea</run_address>
         <size>0x1d3</size>
         <input_file_ref idref="fl-d3"/>
      </object_component>
      <object_component id="oc-8d">
         <name>.debug_info</name>
         <load_address>0x5abd</load_address>
         <run_address>0x5abd</run_address>
         <size>0x46</size>
         <input_file_ref idref="fl-d3"/>
      </object_component>
      <object_component id="oc-cb">
         <name>.debug_info</name>
         <load_address>0x5b03</load_address>
         <run_address>0x5b03</run_address>
         <size>0x2c</size>
         <input_file_ref idref="fl-d3"/>
      </object_component>
      <object_component id="oc-46">
         <name>.debug_info</name>
         <load_address>0x5b2f</load_address>
         <run_address>0x5b2f</run_address>
         <size>0x2a9</size>
         <input_file_ref idref="fl-d4"/>
      </object_component>
      <object_component id="oc-1a">
         <name>.debug_info</name>
         <load_address>0x5dd8</load_address>
         <run_address>0x5dd8</run_address>
         <size>0x1eb</size>
         <input_file_ref idref="fl-d4"/>
      </object_component>
      <object_component id="oc-41">
         <name>.debug_info</name>
         <load_address>0x5fc3</load_address>
         <run_address>0x5fc3</run_address>
         <size>0x46</size>
         <input_file_ref idref="fl-d4"/>
      </object_component>
      <object_component id="oc-85">
         <name>.debug_info</name>
         <load_address>0x6009</load_address>
         <run_address>0x6009</run_address>
         <size>0x2c</size>
         <input_file_ref idref="fl-d4"/>
      </object_component>
      <object_component id="oc-83">
         <name>.debug_info</name>
         <load_address>0x6035</load_address>
         <run_address>0x6035</run_address>
         <size>0x29f</size>
         <input_file_ref idref="fl-d5"/>
      </object_component>
      <object_component id="oc-14">
         <name>.debug_info</name>
         <load_address>0x62d4</load_address>
         <run_address>0x62d4</run_address>
         <size>0x251</size>
         <input_file_ref idref="fl-d5"/>
      </object_component>
      <object_component id="oc-31">
         <name>.debug_info</name>
         <load_address>0x6525</load_address>
         <run_address>0x6525</run_address>
         <size>0x60</size>
         <input_file_ref idref="fl-d5"/>
      </object_component>
      <object_component id="oc-c4">
         <name>.debug_info</name>
         <load_address>0x6585</load_address>
         <run_address>0x6585</run_address>
         <size>0x46</size>
         <input_file_ref idref="fl-d5"/>
      </object_component>
      <object_component id="oc-7e">
         <name>.debug_info</name>
         <load_address>0x65cb</load_address>
         <run_address>0x65cb</run_address>
         <size>0x39</size>
         <input_file_ref idref="fl-d5"/>
      </object_component>
      <object_component id="oc-6d">
         <name>.debug_info</name>
         <load_address>0x6604</load_address>
         <run_address>0x6604</run_address>
         <size>0x3b3</size>
         <input_file_ref idref="fl-d6"/>
      </object_component>
      <object_component id="oc-22">
         <name>.debug_info</name>
         <load_address>0x69b7</load_address>
         <run_address>0x69b7</run_address>
         <size>0x10d</size>
         <input_file_ref idref="fl-d6"/>
      </object_component>
      <object_component id="oc-b8">
         <name>.debug_info</name>
         <load_address>0x6ac4</load_address>
         <run_address>0x6ac4</run_address>
         <size>0xb2</size>
         <input_file_ref idref="fl-d6"/>
      </object_component>
      <object_component id="oc-b3">
         <name>.debug_info</name>
         <load_address>0x6b76</load_address>
         <run_address>0x6b76</run_address>
         <size>0x2c</size>
         <input_file_ref idref="fl-d6"/>
      </object_component>
      <object_component id="oc-1b1">
         <name>.debug_info</name>
         <load_address>0x6ba2</load_address>
         <run_address>0x6ba2</run_address>
         <size>0x28b</size>
         <input_file_ref idref="fl-d7"/>
      </object_component>
      <object_component id="oc-142">
         <name>.debug_info</name>
         <load_address>0x6e2d</load_address>
         <run_address>0x6e2d</run_address>
         <size>0x274</size>
         <input_file_ref idref="fl-d7"/>
      </object_component>
      <object_component id="oc-1b3">
         <name>.debug_info</name>
         <load_address>0x70a1</load_address>
         <run_address>0x70a1</run_address>
         <size>0x2a5</size>
         <input_file_ref idref="fl-d8"/>
      </object_component>
      <object_component id="oc-147">
         <name>.debug_info</name>
         <load_address>0x7346</load_address>
         <run_address>0x7346</run_address>
         <size>0x24d</size>
         <input_file_ref idref="fl-d8"/>
      </object_component>
      <object_component id="oc-25">
         <name>.debug_info</name>
         <load_address>0x7593</load_address>
         <run_address>0x7593</run_address>
         <size>0x10c</size>
         <input_file_ref idref="fl-d9"/>
      </object_component>
      <object_component id="oc-5d">
         <name>.debug_info</name>
         <load_address>0x769f</load_address>
         <run_address>0x769f</run_address>
         <size>0x1aa</size>
         <input_file_ref idref="fl-d9"/>
      </object_component>
      <object_component id="oc-26b">
         <name>.debug_info</name>
         <load_address>0x7849</load_address>
         <run_address>0x7849</run_address>
         <size>0x28a</size>
         <input_file_ref idref="fl-da"/>
      </object_component>
      <object_component id="oc-268">
         <name>.debug_info</name>
         <load_address>0x7ad3</load_address>
         <run_address>0x7ad3</run_address>
         <size>0x10f</size>
         <input_file_ref idref="fl-da"/>
      </object_component>
      <object_component id="oc-1cf">
         <name>.debug_info</name>
         <load_address>0x7be2</load_address>
         <run_address>0x7be2</run_address>
         <size>0x14f</size>
         <input_file_ref idref="fl-da"/>
      </object_component>
      <object_component id="oc-273">
         <name>.debug_info</name>
         <load_address>0x7d31</load_address>
         <run_address>0x7d31</run_address>
         <size>0x162</size>
         <input_file_ref idref="fl-db"/>
      </object_component>
      <object_component id="oc-24f">
         <name>.debug_info</name>
         <load_address>0x7e93</load_address>
         <run_address>0x7e93</run_address>
         <size>0x57c</size>
         <input_file_ref idref="fl-dc"/>
      </object_component>
      <object_component id="oc-226">
         <name>.debug_info</name>
         <load_address>0x840f</load_address>
         <run_address>0x840f</run_address>
         <size>0x21f</size>
         <input_file_ref idref="fl-dc"/>
      </object_component>
      <object_component id="oc-2ad">
         <name>.debug_info</name>
         <load_address>0x862e</load_address>
         <run_address>0x862e</run_address>
         <size>0x1b4</size>
         <input_file_ref idref="fl-dc"/>
      </object_component>
      <object_component id="oc-2b3">
         <name>.debug_info</name>
         <load_address>0x87e2</load_address>
         <run_address>0x87e2</run_address>
         <size>0x21c</size>
         <input_file_ref idref="fl-dc"/>
      </object_component>
      <object_component id="oc-22d">
         <name>.debug_info</name>
         <load_address>0x89fe</load_address>
         <run_address>0x89fe</run_address>
         <size>0x3bc</size>
         <input_file_ref idref="fl-dc"/>
      </object_component>
      <object_component id="oc-2ba">
         <name>.debug_info</name>
         <load_address>0x8dba</load_address>
         <run_address>0x8dba</run_address>
         <size>0x306</size>
         <input_file_ref idref="fl-dc"/>
      </object_component>
      <object_component id="oc-2c0">
         <name>.debug_info</name>
         <load_address>0x90c0</load_address>
         <run_address>0x90c0</run_address>
         <size>0x216</size>
         <input_file_ref idref="fl-dc"/>
      </object_component>
      <object_component id="oc-233">
         <name>.debug_info</name>
         <load_address>0x92d6</load_address>
         <run_address>0x92d6</run_address>
         <size>0x216</size>
         <input_file_ref idref="fl-dc"/>
      </object_component>
      <object_component id="oc-239">
         <name>.debug_info</name>
         <load_address>0x94ec</load_address>
         <run_address>0x94ec</run_address>
         <size>0x305</size>
         <input_file_ref idref="fl-dc"/>
      </object_component>
      <object_component id="oc-23e">
         <name>.debug_info</name>
         <load_address>0x97f1</load_address>
         <run_address>0x97f1</run_address>
         <size>0x4b1</size>
         <input_file_ref idref="fl-dc"/>
      </object_component>
      <object_component id="oc-195">
         <name>.debug_info</name>
         <load_address>0x9ca2</load_address>
         <run_address>0x9ca2</run_address>
         <size>0x5f5</size>
         <input_file_ref idref="fl-dc"/>
      </object_component>
      <object_component id="oc-250">
         <name>.debug_info</name>
         <load_address>0xa297</load_address>
         <run_address>0xa297</run_address>
         <size>0x86</size>
         <input_file_ref idref="fl-dc"/>
      </object_component>
      <object_component id="oc-2de">
         <name>.debug_info</name>
         <load_address>0xa31d</load_address>
         <run_address>0xa31d</run_address>
         <size>0x39</size>
         <input_file_ref idref="fl-dc"/>
      </object_component>
      <object_component id="oc-319">
         <name>.debug_info</name>
         <load_address>0xa356</load_address>
         <run_address>0xa356</run_address>
         <size>0xb6</size>
         <input_file_ref idref="fl-dc"/>
      </object_component>
      <object_component id="oc-2e3">
         <name>.debug_info</name>
         <load_address>0xa40c</load_address>
         <run_address>0xa40c</run_address>
         <size>0x46</size>
         <input_file_ref idref="fl-dc"/>
      </object_component>
      <object_component id="oc-255">
         <name>.debug_info</name>
         <load_address>0xa452</load_address>
         <run_address>0xa452</run_address>
         <size>0x46</size>
         <input_file_ref idref="fl-dc"/>
      </object_component>
      <object_component id="oc-30d">
         <name>.debug_info</name>
         <load_address>0xa498</load_address>
         <run_address>0xa498</run_address>
         <size>0x29b</size>
         <input_file_ref idref="fl-dd"/>
      </object_component>
      <object_component id="oc-2c7">
         <name>.debug_info</name>
         <load_address>0xa733</load_address>
         <run_address>0xa733</run_address>
         <size>0x196</size>
         <input_file_ref idref="fl-dd"/>
      </object_component>
      <object_component id="oc-29d">
         <name>.debug_info</name>
         <load_address>0xa8c9</load_address>
         <run_address>0xa8c9</run_address>
         <size>0x135</size>
         <input_file_ref idref="fl-de"/>
      </object_component>
      <object_component id="oc-96">
         <name>.debug_info</name>
         <load_address>0xa9fe</load_address>
         <run_address>0xa9fe</run_address>
         <size>0x148</size>
         <input_file_ref idref="fl-df"/>
      </object_component>
      <object_component id="oc-2a3">
         <name>.debug_info</name>
         <load_address>0xab46</load_address>
         <run_address>0xab46</run_address>
         <size>0x12f</size>
         <input_file_ref idref="fl-e0"/>
      </object_component>
      <object_component id="oc-171">
         <name>.debug_info</name>
         <load_address>0xac75</load_address>
         <run_address>0xac75</run_address>
         <size>0x4b4</size>
         <input_file_ref idref="fl-e1"/>
      </object_component>
      <object_component id="oc-f4">
         <name>.debug_info</name>
         <load_address>0xb129</load_address>
         <run_address>0xb129</run_address>
         <size>0x1a7</size>
         <input_file_ref idref="fl-e1"/>
      </object_component>
      <object_component id="oc-1fe">
         <name>.debug_info</name>
         <load_address>0xb2d0</load_address>
         <run_address>0xb2d0</run_address>
         <size>0x39</size>
         <input_file_ref idref="fl-e1"/>
      </object_component>
      <object_component id="oc-287">
         <name>.debug_info</name>
         <load_address>0xb309</load_address>
         <run_address>0xb309</run_address>
         <size>0x39</size>
         <input_file_ref idref="fl-e1"/>
      </object_component>
      <object_component id="oc-203">
         <name>.debug_info</name>
         <load_address>0xb342</load_address>
         <run_address>0xb342</run_address>
         <size>0x39</size>
         <input_file_ref idref="fl-e1"/>
      </object_component>
      <object_component id="oc-208">
         <name>.debug_info</name>
         <load_address>0xb37b</load_address>
         <run_address>0xb37b</run_address>
         <size>0xcd</size>
         <input_file_ref idref="fl-e1"/>
      </object_component>
      <object_component id="oc-9b">
         <name>.debug_info</name>
         <load_address>0xb448</load_address>
         <run_address>0xb448</run_address>
         <size>0x154</size>
         <input_file_ref idref="fl-e2"/>
      </object_component>
      <object_component id="oc-e9">
         <name>.debug_info</name>
         <load_address>0xb59c</load_address>
         <run_address>0xb59c</run_address>
         <size>0x123</size>
         <input_file_ref idref="fl-e4"/>
      </object_component>
      <object_component id="oc-299">
         <name>.debug_info</name>
         <load_address>0xb6bf</load_address>
         <run_address>0xb6bf</run_address>
         <size>0x2ba</size>
         <input_file_ref idref="fl-e7"/>
      </object_component>
      <object_component id="oc-21f">
         <name>.debug_info</name>
         <load_address>0xb979</load_address>
         <run_address>0xb979</run_address>
         <size>0x17d</size>
         <input_file_ref idref="fl-e7"/>
      </object_component>
      <object_component id="oc-2fc">
         <name>.debug_info</name>
         <load_address>0xbaf6</load_address>
         <run_address>0xbaf6</run_address>
         <size>0xfa</size>
         <input_file_ref idref="fl-e8"/>
      </object_component>
      <object_component id="oc-296">
         <name>.debug_info</name>
         <load_address>0xbbf0</load_address>
         <run_address>0xbbf0</run_address>
         <size>0x106</size>
         <input_file_ref idref="fl-e8"/>
      </object_component>
      <object_component id="oc-307">
         <name>.debug_info</name>
         <load_address>0xbcf6</load_address>
         <run_address>0xbcf6</run_address>
         <size>0x29c</size>
         <input_file_ref idref="fl-e9"/>
      </object_component>
      <object_component id="oc-2a6">
         <name>.debug_info</name>
         <load_address>0xbf92</load_address>
         <run_address>0xbf92</run_address>
         <size>0x1ce</size>
         <input_file_ref idref="fl-e9"/>
      </object_component>
      <object_component id="oc-2d4">
         <name>.debug_info</name>
         <load_address>0xc160</load_address>
         <run_address>0xc160</run_address>
         <size>0x297</size>
         <input_file_ref idref="fl-ea"/>
      </object_component>
      <object_component id="oc-244">
         <name>.debug_info</name>
         <load_address>0xc3f7</load_address>
         <run_address>0xc3f7</run_address>
         <size>0x1b7</size>
         <input_file_ref idref="fl-ea"/>
      </object_component>
      <object_component id="oc-30f">
         <name>.debug_info</name>
         <load_address>0xc5ae</load_address>
         <run_address>0xc5ae</run_address>
         <size>0x29b</size>
         <input_file_ref idref="fl-eb"/>
      </object_component>
      <object_component id="oc-2d0">
         <name>.debug_info</name>
         <load_address>0xc849</load_address>
         <run_address>0xc849</run_address>
         <size>0x263</size>
         <input_file_ref idref="fl-eb"/>
      </object_component>
      <object_component id="oc-294">
         <name>.debug_info</name>
         <load_address>0xcaac</load_address>
         <run_address>0xcaac</run_address>
         <size>0x290</size>
         <input_file_ref idref="fl-ec"/>
      </object_component>
      <object_component id="oc-21a">
         <name>.debug_info</name>
         <load_address>0xcd3c</load_address>
         <run_address>0xcd3c</run_address>
         <size>0x246</size>
         <input_file_ref idref="fl-ec"/>
      </object_component>
      <object_component id="oc-2db">
         <name>.debug_info</name>
         <load_address>0xcf82</load_address>
         <run_address>0xcf82</run_address>
         <size>0x290</size>
         <input_file_ref idref="fl-ed"/>
      </object_component>
      <object_component id="oc-24b">
         <name>.debug_info</name>
         <load_address>0xd212</load_address>
         <run_address>0xd212</run_address>
         <size>0x15b</size>
         <input_file_ref idref="fl-ed"/>
      </object_component>
      <object_component id="oc-312">
         <name>.debug_info</name>
         <load_address>0xd36d</load_address>
         <run_address>0xd36d</run_address>
         <size>0x46</size>
         <input_file_ref idref="fl-ed"/>
      </object_component>
      <object_component id="oc-2d6">
         <name>.debug_info</name>
         <load_address>0xd3b3</load_address>
         <run_address>0xd3b3</run_address>
         <size>0x39</size>
         <input_file_ref idref="fl-ed"/>
      </object_component>
      <object_component id="oc-300">
         <name>.debug_info</name>
         <load_address>0xd3ec</load_address>
         <run_address>0xd3ec</run_address>
         <size>0x116</size>
         <input_file_ref idref="fl-ee"/>
      </object_component>
      <object_component id="oc-18f">
         <name>.debug_info</name>
         <load_address>0xd502</load_address>
         <run_address>0xd502</run_address>
         <size>0x20e</size>
         <input_file_ref idref="fl-ef"/>
      </object_component>
      <object_component id="oc-187">
         <name>.debug_info</name>
         <load_address>0xd710</load_address>
         <run_address>0xd710</run_address>
         <size>0x157</size>
         <input_file_ref idref="fl-ef"/>
      </object_component>
      <object_component id="oc-128">
         <name>.debug_info</name>
         <load_address>0xd867</load_address>
         <run_address>0xd867</run_address>
         <size>0x2c1</size>
         <input_file_ref idref="fl-ef"/>
      </object_component>
      <object_component id="oc-18a">
         <name>.debug_info</name>
         <load_address>0xdb28</load_address>
         <run_address>0xdb28</run_address>
         <size>0x18b</size>
         <input_file_ref idref="fl-ef"/>
      </object_component>
      <object_component id="oc-355">
         <name>.debug_info</name>
         <load_address>0xdcb3</load_address>
         <run_address>0xdcb3</run_address>
         <size>0x85</size>
      </object_component>
      <object_component id="oc-126">
         <name>.debug_line</name>
         <load_address>0x0</load_address>
         <run_address>0x0</run_address>
         <size>0x69</size>
         <input_file_ref idref="fl-2"/>
      </object_component>
      <object_component id="oc-191">
         <name>.debug_line</name>
         <load_address>0x69</load_address>
         <run_address>0x69</run_address>
         <size>0x2e</size>
         <input_file_ref idref="fl-2"/>
      </object_component>
      <object_component id="oc-d6">
         <name>.debug_line</name>
         <load_address>0x97</load_address>
         <run_address>0x97</run_address>
         <size>0x183</size>
         <input_file_ref idref="fl-2"/>
      </object_component>
      <object_component id="oc-77">
         <name>.debug_line</name>
         <load_address>0x21a</load_address>
         <run_address>0x21a</run_address>
         <size>0x6f</size>
         <input_file_ref idref="fl-2"/>
      </object_component>
      <object_component id="oc-39">
         <name>.debug_line</name>
         <load_address>0x289</load_address>
         <run_address>0x289</run_address>
         <size>0x20</size>
         <input_file_ref idref="fl-2"/>
      </object_component>
      <object_component id="oc-c0">
         <name>.debug_line</name>
         <load_address>0x2a9</load_address>
         <run_address>0x2a9</run_address>
         <size>0x73</size>
         <input_file_ref idref="fl-2"/>
      </object_component>
      <object_component id="oc-7c">
         <name>.debug_line</name>
         <load_address>0x31c</load_address>
         <run_address>0x31c</run_address>
         <size>0x70</size>
         <input_file_ref idref="fl-2"/>
      </object_component>
      <object_component id="oc-e4">
         <name>.debug_line</name>
         <load_address>0x38c</load_address>
         <run_address>0x38c</run_address>
         <size>0x9c</size>
         <input_file_ref idref="fl-3"/>
      </object_component>
      <object_component id="oc-2e9">
         <name>.debug_line</name>
         <load_address>0x428</load_address>
         <run_address>0x428</run_address>
         <size>0x2c</size>
         <input_file_ref idref="fl-4"/>
      </object_component>
      <object_component id="oc-1b9">
         <name>.debug_line</name>
         <load_address>0x454</load_address>
         <run_address>0x454</run_address>
         <size>0x6a</size>
         <input_file_ref idref="fl-4"/>
      </object_component>
      <object_component id="oc-153">
         <name>.debug_line</name>
         <load_address>0x4be</load_address>
         <run_address>0x4be</run_address>
         <size>0x6b</size>
         <input_file_ref idref="fl-4"/>
      </object_component>
      <object_component id="oc-a3">
         <name>.debug_line</name>
         <load_address>0x529</load_address>
         <run_address>0x529</run_address>
         <size>0x5e</size>
         <input_file_ref idref="fl-5"/>
      </object_component>
      <object_component id="oc-1b5">
         <name>.debug_line</name>
         <load_address>0x587</load_address>
         <run_address>0x587</run_address>
         <size>0xc3</size>
         <input_file_ref idref="fl-6"/>
      </object_component>
      <object_component id="oc-136">
         <name>.debug_line</name>
         <load_address>0x64a</load_address>
         <run_address>0x64a</run_address>
         <size>0x45</size>
         <input_file_ref idref="fl-6"/>
      </object_component>
      <object_component id="oc-db">
         <name>.debug_line</name>
         <load_address>0x68f</load_address>
         <run_address>0x68f</run_address>
         <size>0x1a0</size>
         <input_file_ref idref="fl-6"/>
      </object_component>
      <object_component id="oc-214">
         <name>.debug_line</name>
         <load_address>0x82f</load_address>
         <run_address>0x82f</run_address>
         <size>0x20</size>
         <input_file_ref idref="fl-8"/>
      </object_component>
      <object_component id="oc-73">
         <name>.debug_line</name>
         <load_address>0x84f</load_address>
         <run_address>0x84f</run_address>
         <size>0x41</size>
         <input_file_ref idref="fl-9"/>
      </object_component>
      <object_component id="oc-2e">
         <name>.debug_line</name>
         <load_address>0x890</load_address>
         <run_address>0x890</run_address>
         <size>0x41</size>
         <input_file_ref idref="fl-9"/>
      </object_component>
      <object_component id="oc-28">
         <name>.debug_line</name>
         <load_address>0x8d1</load_address>
         <run_address>0x8d1</run_address>
         <size>0xa1</size>
         <input_file_ref idref="fl-9"/>
      </object_component>
      <object_component id="oc-25d">
         <name>.debug_line</name>
         <load_address>0x972</load_address>
         <run_address>0x972</run_address>
         <size>0x2f</size>
         <input_file_ref idref="fl-c7"/>
      </object_component>
      <object_component id="oc-13e">
         <name>.debug_line</name>
         <load_address>0x9a1</load_address>
         <run_address>0x9a1</run_address>
         <size>0x55</size>
         <input_file_ref idref="fl-c7"/>
      </object_component>
      <object_component id="oc-19d">
         <name>.debug_line</name>
         <load_address>0x9f6</load_address>
         <run_address>0x9f6</run_address>
         <size>0x59</size>
         <input_file_ref idref="fl-c7"/>
      </object_component>
      <object_component id="oc-19f">
         <name>.debug_line</name>
         <load_address>0xa4f</load_address>
         <run_address>0xa4f</run_address>
         <size>0x47</size>
         <input_file_ref idref="fl-c7"/>
      </object_component>
      <object_component id="oc-1a9">
         <name>.debug_line</name>
         <load_address>0xa96</load_address>
         <run_address>0xa96</run_address>
         <size>0x91</size>
         <input_file_ref idref="fl-c7"/>
      </object_component>
      <object_component id="oc-1ae">
         <name>.debug_line</name>
         <load_address>0xb27</load_address>
         <run_address>0xb27</run_address>
         <size>0x2f</size>
         <input_file_ref idref="fl-c7"/>
      </object_component>
      <object_component id="oc-283">
         <name>.debug_line</name>
         <load_address>0xb56</load_address>
         <run_address>0xb56</run_address>
         <size>0x9b</size>
         <input_file_ref idref="fl-c8"/>
      </object_component>
      <object_component id="oc-26d">
         <name>.debug_line</name>
         <load_address>0xbf1</load_address>
         <run_address>0xbf1</run_address>
         <size>0x2b</size>
         <input_file_ref idref="fl-c8"/>
      </object_component>
      <object_component id="oc-15f">
         <name>.debug_line</name>
         <load_address>0xc1c</load_address>
         <run_address>0xc1c</run_address>
         <size>0x2bc</size>
         <input_file_ref idref="fl-c8"/>
      </object_component>
      <object_component id="oc-280">
         <name>.debug_line</name>
         <load_address>0xed8</load_address>
         <run_address>0xed8</run_address>
         <size>0x9a</size>
         <input_file_ref idref="fl-c8"/>
      </object_component>
      <object_component id="oc-1e9">
         <name>.debug_line</name>
         <load_address>0xf72</load_address>
         <run_address>0xf72</run_address>
         <size>0x97</size>
         <input_file_ref idref="fl-c8"/>
      </object_component>
      <object_component id="oc-2eb">
         <name>.debug_line</name>
         <load_address>0x1009</load_address>
         <run_address>0x1009</run_address>
         <size>0x91</size>
         <input_file_ref idref="fl-c9"/>
      </object_component>
      <object_component id="oc-1c7">
         <name>.debug_line</name>
         <load_address>0x109a</load_address>
         <run_address>0x109a</run_address>
         <size>0x12d</size>
         <input_file_ref idref="fl-c9"/>
      </object_component>
      <object_component id="oc-2f2">
         <name>.debug_line</name>
         <load_address>0x11c7</load_address>
         <run_address>0x11c7</run_address>
         <size>0x9b</size>
         <input_file_ref idref="fl-ca"/>
      </object_component>
      <object_component id="oc-1e3">
         <name>.debug_line</name>
         <load_address>0x1262</load_address>
         <run_address>0x1262</run_address>
         <size>0x9c</size>
         <input_file_ref idref="fl-ca"/>
      </object_component>
      <object_component id="oc-2f6">
         <name>.debug_line</name>
         <load_address>0x12fe</load_address>
         <run_address>0x12fe</run_address>
         <size>0x9a</size>
         <input_file_ref idref="fl-ca"/>
      </object_component>
      <object_component id="oc-27b">
         <name>.debug_line</name>
         <load_address>0x1398</load_address>
         <run_address>0x1398</run_address>
         <size>0x97</size>
         <input_file_ref idref="fl-ca"/>
      </object_component>
      <object_component id="oc-1bd">
         <name>.debug_line</name>
         <load_address>0x142f</load_address>
         <run_address>0x142f</run_address>
         <size>0xd2</size>
         <input_file_ref idref="fl-cb"/>
      </object_component>
      <object_component id="oc-1d9">
         <name>.debug_line</name>
         <load_address>0x1501</load_address>
         <run_address>0x1501</run_address>
         <size>0x77</size>
         <input_file_ref idref="fl-cc"/>
      </object_component>
      <object_component id="oc-1db">
         <name>.debug_line</name>
         <load_address>0x1578</load_address>
         <run_address>0x1578</run_address>
         <size>0x77</size>
         <input_file_ref idref="fl-cc"/>
      </object_component>
      <object_component id="oc-1c5">
         <name>.debug_line</name>
         <load_address>0x15ef</load_address>
         <run_address>0x15ef</run_address>
         <size>0xa8</size>
         <input_file_ref idref="fl-cd"/>
      </object_component>
      <object_component id="oc-164">
         <name>.debug_line</name>
         <load_address>0x1697</load_address>
         <run_address>0x1697</run_address>
         <size>0x8e</size>
         <input_file_ref idref="fl-ce"/>
      </object_component>
      <object_component id="oc-159">
         <name>.debug_line</name>
         <load_address>0x1725</load_address>
         <run_address>0x1725</run_address>
         <size>0x50</size>
         <input_file_ref idref="fl-d1"/>
      </object_component>
      <object_component id="oc-3f">
         <name>.debug_line</name>
         <load_address>0x1775</load_address>
         <run_address>0x1775</run_address>
         <size>0x88</size>
         <input_file_ref idref="fl-d2"/>
      </object_component>
      <object_component id="oc-d1">
         <name>.debug_line</name>
         <load_address>0x17fd</load_address>
         <run_address>0x17fd</run_address>
         <size>0x92</size>
         <input_file_ref idref="fl-d3"/>
      </object_component>
      <object_component id="oc-4a">
         <name>.debug_line</name>
         <load_address>0x188f</load_address>
         <run_address>0x188f</run_address>
         <size>0x56</size>
         <input_file_ref idref="fl-d3"/>
      </object_component>
      <object_component id="oc-90">
         <name>.debug_line</name>
         <load_address>0x18e5</load_address>
         <run_address>0x18e5</run_address>
         <size>0x34</size>
         <input_file_ref idref="fl-d3"/>
      </object_component>
      <object_component id="oc-ce">
         <name>.debug_line</name>
         <load_address>0x1919</load_address>
         <run_address>0x1919</run_address>
         <size>0x92</size>
         <input_file_ref idref="fl-d3"/>
      </object_component>
      <object_component id="oc-8b">
         <name>.debug_line</name>
         <load_address>0x19ab</load_address>
         <run_address>0x19ab</run_address>
         <size>0x20</size>
         <input_file_ref idref="fl-d4"/>
      </object_component>
      <object_component id="oc-19">
         <name>.debug_line</name>
         <load_address>0x19cb</load_address>
         <run_address>0x19cb</run_address>
         <size>0x55</size>
         <input_file_ref idref="fl-d4"/>
      </object_component>
      <object_component id="oc-44">
         <name>.debug_line</name>
         <load_address>0x1a20</load_address>
         <run_address>0x1a20</run_address>
         <size>0x3a</size>
         <input_file_ref idref="fl-d4"/>
      </object_component>
      <object_component id="oc-88">
         <name>.debug_line</name>
         <load_address>0x1a5a</load_address>
         <run_address>0x1a5a</run_address>
         <size>0x92</size>
         <input_file_ref idref="fl-d4"/>
      </object_component>
      <object_component id="oc-ca">
         <name>.debug_line</name>
         <load_address>0x1aec</load_address>
         <run_address>0x1aec</run_address>
         <size>0x20</size>
         <input_file_ref idref="fl-d5"/>
      </object_component>
      <object_component id="oc-17">
         <name>.debug_line</name>
         <load_address>0x1b0c</load_address>
         <run_address>0x1b0c</run_address>
         <size>0xa9</size>
         <input_file_ref idref="fl-d5"/>
      </object_component>
      <object_component id="oc-34">
         <name>.debug_line</name>
         <load_address>0x1bb5</load_address>
         <run_address>0x1bb5</run_address>
         <size>0x3a</size>
         <input_file_ref idref="fl-d5"/>
      </object_component>
      <object_component id="oc-c7">
         <name>.debug_line</name>
         <load_address>0x1bef</load_address>
         <run_address>0x1bef</run_address>
         <size>0x9a</size>
         <input_file_ref idref="fl-d5"/>
      </object_component>
      <object_component id="oc-81">
         <name>.debug_line</name>
         <load_address>0x1c89</load_address>
         <run_address>0x1c89</run_address>
         <size>0x96</size>
         <input_file_ref idref="fl-d5"/>
      </object_component>
      <object_component id="oc-b2">
         <name>.debug_line</name>
         <load_address>0x1d1f</load_address>
         <run_address>0x1d1f</run_address>
         <size>0x10f</size>
         <input_file_ref idref="fl-d6"/>
      </object_component>
      <object_component id="oc-6c">
         <name>.debug_line</name>
         <load_address>0x1e2e</load_address>
         <run_address>0x1e2e</run_address>
         <size>0x2c</size>
         <input_file_ref idref="fl-d6"/>
      </object_component>
      <object_component id="oc-bb">
         <name>.debug_line</name>
         <load_address>0x1e5a</load_address>
         <run_address>0x1e5a</run_address>
         <size>0x2c</size>
         <input_file_ref idref="fl-d6"/>
      </object_component>
      <object_component id="oc-b6">
         <name>.debug_line</name>
         <load_address>0x1e86</load_address>
         <run_address>0x1e86</run_address>
         <size>0x92</size>
         <input_file_ref idref="fl-d6"/>
      </object_component>
      <object_component id="oc-25f">
         <name>.debug_line</name>
         <load_address>0x1f18</load_address>
         <run_address>0x1f18</run_address>
         <size>0x20</size>
         <input_file_ref idref="fl-d7"/>
      </object_component>
      <object_component id="oc-141">
         <name>.debug_line</name>
         <load_address>0x1f38</load_address>
         <run_address>0x1f38</run_address>
         <size>0xad</size>
         <input_file_ref idref="fl-d7"/>
      </object_component>
      <object_component id="oc-261">
         <name>.debug_line</name>
         <load_address>0x1fe5</load_address>
         <run_address>0x1fe5</run_address>
         <size>0x20</size>
         <input_file_ref idref="fl-d8"/>
      </object_component>
      <object_component id="oc-149">
         <name>.debug_line</name>
         <load_address>0x2005</load_address>
         <run_address>0x2005</run_address>
         <size>0xa8</size>
         <input_file_ref idref="fl-d8"/>
      </object_component>
      <object_component id="oc-70">
         <name>.debug_line</name>
         <load_address>0x20ad</load_address>
         <run_address>0x20ad</run_address>
         <size>0x33</size>
         <input_file_ref idref="fl-d9"/>
      </object_component>
      <object_component id="oc-5a">
         <name>.debug_line</name>
         <load_address>0x20e0</load_address>
         <run_address>0x20e0</run_address>
         <size>0x45</size>
         <input_file_ref idref="fl-d9"/>
      </object_component>
      <object_component id="oc-2ef">
         <name>.debug_line</name>
         <load_address>0x2125</load_address>
         <run_address>0x2125</run_address>
         <size>0x20</size>
         <input_file_ref idref="fl-da"/>
      </object_component>
      <object_component id="oc-2ed">
         <name>.debug_line</name>
         <load_address>0x2145</load_address>
         <run_address>0x2145</run_address>
         <size>0x2b</size>
         <input_file_ref idref="fl-da"/>
      </object_component>
      <object_component id="oc-1cd">
         <name>.debug_line</name>
         <load_address>0x2170</load_address>
         <run_address>0x2170</run_address>
         <size>0x40</size>
         <input_file_ref idref="fl-da"/>
      </object_component>
      <object_component id="oc-272">
         <name>.debug_line</name>
         <load_address>0x21b0</load_address>
         <run_address>0x21b0</run_address>
         <size>0x48</size>
         <input_file_ref idref="fl-db"/>
      </object_component>
      <object_component id="oc-2dd">
         <name>.debug_line</name>
         <load_address>0x21f8</load_address>
         <run_address>0x21f8</run_address>
         <size>0x264</size>
         <input_file_ref idref="fl-dc"/>
      </object_component>
      <object_component id="oc-228">
         <name>.debug_line</name>
         <load_address>0x245c</load_address>
         <run_address>0x245c</run_address>
         <size>0x7a</size>
         <input_file_ref idref="fl-dc"/>
      </object_component>
      <object_component id="oc-2af">
         <name>.debug_line</name>
         <load_address>0x24d6</load_address>
         <run_address>0x24d6</run_address>
         <size>0x51</size>
         <input_file_ref idref="fl-dc"/>
      </object_component>
      <object_component id="oc-2b5">
         <name>.debug_line</name>
         <load_address>0x2527</load_address>
         <run_address>0x2527</run_address>
         <size>0x88</size>
         <input_file_ref idref="fl-dc"/>
      </object_component>
      <object_component id="oc-22c">
         <name>.debug_line</name>
         <load_address>0x25af</load_address>
         <run_address>0x25af</run_address>
[...]
            <logical_group_ref idref="lg-a"/>
         </contents>
      </load_segment>
   </logical_group_list>
   <placement_map>
      <memory_area display="yes" color="green">
         <name>FLASH</name>
         <page_id>0x0</page_id>
         <origin>0x0</origin>
         <length>0x40000</length>
         <used_space>0x3494</used_space>
         <unused_space>0x3cb6c</unused_space>
         <attributes>RX</attributes>
         <usage_details>
            <allocated_space>
               <start_address>0x0</start_address>
               <size>0x26c</size>
               <logical_group_ref idref="lg-3"/>
            </allocated_space>
            <allocated_space>
               <start_address>0x26c</start_address>
               <size>0x30ac</size>
               <logical_group_ref idref="lg-4"/>
            </allocated_space>
            <allocated_space>
               <start_address>0x3318</start_address>
               <size>0x13c</size>
               <logical_group_ref idref="lg-5"/>
            </allocated_space>
            <available_space>
               <start_address>0x3454</start_address>
               <size>0x4</size>
            </available_space>
            <allocated_space>
               <start_address>0x3458</start_address>
               <size>0x40</size>
               <logical_group_ref idref="lg-6"/>
            </allocated_space>
            <available_space>
               <start_address>0x3498</start_address>
               <size>0x3cb68</size>
            </available_space>
         </usage_details>
      </memory_area>
      <memory_area display="yes" color="green">
         <name>SRAM</name>
         <page_id>0x0</page_id>
         <origin>0x20000000</origin>
         <length>0x8000</length>
         <used_space>0x22c9</used_space>
         <unused_space>0x5d37</unused_space>
         <attributes>RWX</attributes>
         <usage_details>
            <allocated_space>
               <start_address>0x20000000</start_address>
               <size>0x26c</size>
               <logical_group_ref idref="lg-9"/>
            </allocated_space>
            <available_space>
               <start_address>0x2000026c</start_address>
               <size>0x4</size>
            </available_space>
            <allocated_space>
               <start_address>0x20000270</start_address>
               <size>0x1000</size>
               <logical_group_ref idref="lg-d"/>
            </allocated_space>
            <allocated_space>
               <start_address>0x20001270</start_address>
               <size>0x1000</size>
               <logical_group_ref idref="lg-c"/>
            </allocated_space>
            <allocated_space>
               <start_address>0x20002270</start_address>
               <size>0x58</size>
               <logical_group_ref idref="lg-b"/>
            </allocated_space>
            <allocated_space>
               <start_address>0x200022c8</start_address>
               <size>0x5</size>
               <logical_group_ref idref="lg-a"/>
            </allocated_space>
            <available_space>
               <start_address>0x200022cd</start_address>
               <size>0x5d33</size>
            </available_space>
         </usage_details>
      </memory_area>
   </placement_map>
   <cptbl_list>
      <cptbl>
         <name>__TI_cinit_table</name>
         <cprec>
            <name>.bss</name>
            <load_address>0x3468</load_address>
            <load_size>0x8</load_size>
            <run_address>0x20002270</run_address>
            <run_size>0x58</run_size>
            <compression>zero_init</compression>
         </cprec>
         <cprec>
            <name>.vtable</name>
            <load_address>0x3470</load_address>
            <load_size>0x8</load_size>
            <run_address>0x20000000</run_address>
            <run_size>0x26c</run_size>
            <compression>zero_init</compression>
         </cprec>
         <cprec>
            <name>.data</name>
            <load_address>0x3478</load_address>
            <load_size>0x7</load_size>
            <run_address>0x200022c8</run_address>
            <run_size>0x5</run_size>
            <compression>lzss</compression>
         </cprec>
      </cptbl>
   </cptbl_list>
   <handler_table>
      <handler_table_name>__TI_handler_table</handler_table_name>
      <handler>
         <index>0x0</index>
         <name>__TI_zero_init</name>
      </handler>
      <handler>
         <index>0x1</index>
         <name>__TI_decompress_lzss</name>
      </handler>
      <handler>
         <index>0x2</index>
         <name>__TI_decompress_none</name>
      </handler>
   </handler_table>
   <symbol_table>
      <symbol id="sm-1">
         <name>__STACK_TOP</name>
         <value>0x20000470</value>
      </symbol>
      <symbol id="sm-2">
         <name>__TI_CINIT_Base</name>
         <value>0x3480</value>
      </symbol>
      <symbol id="sm-3">
         <name>__TI_CINIT_Limit</name>
         <value>0x3498</value>
      </symbol>
      <symbol id="sm-4">
         <name>__TI_Handler_Table_Base</name>
         <value>0x3458</value>
      </symbol>
      <symbol id="sm-5">
         <name>__TI_Handler_Table_Limit</name>
         <value>0x3464</value>
      </symbol>
      <symbol id="sm-6">
         <name>binit</name>
         <value>0xffffffff</value>
      </symbol>
      <symbol id="sm-7">
         <name>__binit__</name>
         <value>0xffffffff</value>
      </symbol>
      <symbol id="sm-8">
         <name>__STACK_SIZE</name>
         <value>0x1000</value>
      </symbol>
      <symbol id="sm-9">
         <name>__STACK_END</name>
         <value>0x20001270</value>
      </symbol>
      <symbol id="sm-a">
         <name>__SYSMEM_SIZE</name>
         <value>0x1000</value>
      </symbol>
      <symbol id="sm-b">
         <name>__c_args__</name>
         <value>0xffffffff</value>
      </symbol>
      <symbol id="sm-c">
         <name>__TI_pprof_out_hndl</name>
         <value>0xffffffff</value>
      </symbol>
      <symbol id="sm-d">
         <name>__TI_prof_data_start</name>
         <value>0xffffffff</value>
      </symbol>
      <symbol id="sm-e">
         <name>__TI_prof_data_size</name>
         <value>0xffffffff</value>
      </symbol>
      <symbol id="sm-73">
         <name>_timeout_ticks</name>
         <value>0x200022c4</value>
      </symbol>
      <symbol id="sm-74">
         <name>timer_pause</name>
         <value>0x1cb7</value>
         <object_component_ref idref="oc-d4"/>
      </symbol>
      <symbol id="sm-75">
         <name>timer_resume</name>
         <value>0x1cc9</value>
         <object_component_ref idref="oc-d4"/>
      </symbol>
      <symbol id="sm-76">
         <name>timer_getMillis</name>
         <value>0x1cdb</value>
         <object_component_ref idref="oc-d4"/>
      </symbol>
      <symbol id="sm-77">
         <name>_running</name>
         <value>0x200022cc</value>
         <object_component_ref idref="oc-12d"/>
      </symbol>
      <symbol id="sm-78">
         <name>timer_init</name>
         <value>0x1c15</value>
         <object_component_ref idref="oc-d4"/>
      </symbol>
      <symbol id="sm-79">
         <name>timer_stop</name>
         <value>0x1c8d</value>
         <object_component_ref idref="oc-d4"/>
      </symbol>
      <symbol id="sm-7a">
         <name>timer_getMicros</name>
         <value>0x1d33</value>
         <object_component_ref idref="oc-d4"/>
      </symbol>
      <symbol id="sm-7b">
         <name>timer_waitMillis</name>
         <value>0x1dc1</value>
         <object_component_ref idref="oc-d4"/>
      </symbol>
      <symbol id="sm-7c">
         <name>timer_waitMicros</name>
         <value>0x1d8d</value>
         <object_component_ref idref="oc-d4"/>
      </symbol>
      <symbol id="sm-9e">
         <name>adc_init</name>
         <value>0x25b1</value>
         <object_component_ref idref="oc-e0"/>
      </symbol>
      <symbol id="sm-9f">
         <name>adc_distanceMM</name>
         <value>0x265b</value>
         <object_component_ref idref="oc-e0"/>
      </symbol>
      <symbol id="sm-a0">
         <name>adc_read</name>
         <value>0x262f</value>
         <object_component_ref idref="oc-e0"/>
      </symbol>
      <symbol id="sm-bb">
         <name>main</name>
         <value>0x3109</value>
         <object_component_ref idref="oc-9f"/>
      </symbol>
      <symbol id="sm-f8">
         <name>lcd_sendCommand</name>
         <value>0x17cf</value>
         <object_component_ref idref="oc-da"/>
      </symbol>
      <symbol id="sm-f9">
         <name>lcd_sendNibble</name>
         <value>0x180d</value>
         <object_component_ref idref="oc-da"/>
      </symbol>
      <symbol id="sm-fa">
         <name>lcd_clear</name>
         <value>0x32dd</value>
         <object_component_ref idref="oc-132"/>
      </symbol>
      <symbol id="sm-fb">
         <name>lcd_printf</name>
         <value>0x18b7</value>
         <object_component_ref idref="oc-da"/>
      </symbol>
      <symbol id="sm-fc">
         <name>lcd_setCursorPos</name>
         <value>0x1879</value>
         <object_component_ref idref="oc-da"/>
      </symbol>
      <symbol id="sm-fd">
         <name>lcd_init</name>
         <value>0x16b9</value>
         <object_component_ref idref="oc-da"/>
      </symbol>
      <symbol id="sm-fe">
         <name>lcd_puts</name>
         <value>0x17b1</value>
         <object_component_ref idref="oc-da"/>
      </symbol>
      <symbol id="sm-ff">
         <name>lcd_putc</name>
         <value>0x1779</value>
         <object_component_ref idref="oc-da"/>
      </symbol>
      <symbol id="sm-100">
         <name>lcd_reverseNibble</name>
         <value>0x167d</value>
         <object_component_ref idref="oc-da"/>
      </symbol>
      <symbol id="sm-101">
         <name>lcd_gotoLine</name>
         <value>0x1851</value>
         <object_component_ref idref="oc-da"/>
      </symbol>
      <symbol id="sm-124">
         <name>ResetISR</name>
         <value>0x32fb</value>
         <object_component_ref idref="oc-27"/>
      </symbol>
      <symbol id="sm-125">
         <name>g_pfnVectors</name>
         <value>0x0</value>
         <object_component_ref idref="oc-f"/>
      </symbol>
      <symbol id="sm-155">
         <name>vsnprintf</name>
         <value>0x3089</value>
         <object_component_ref idref="oc-139"/>
      </symbol>
      <symbol id="sm-1ec">
         <name>pow</name>
         <value>0xcbd</value>
         <object_component_ref idref="oc-15a"/>
      </symbol>
      <symbol id="sm-1ed">
         <name>powl</name>
         <value>0xcbd</value>
         <object_component_ref idref="oc-15a"/>
      </symbol>
      <symbol id="sm-20f">
         <name>sqrtl</name>
         <value>0x21e5</value>
         <object_component_ref idref="oc-1c6"/>
      </symbol>
      <symbol id="sm-210">
         <name>sqrt</name>
         <value>0x21e5</value>
         <object_component_ref idref="oc-1c6"/>
      </symbol>
      <symbol id="sm-237">
         <name>scalbn</name>
         <value>0x2805</value>
         <object_component_ref idref="oc-1df"/>
      </symbol>
      <symbol id="sm-238">
         <name>scalbnl</name>
         <value>0x2805</value>
         <object_component_ref idref="oc-1df"/>
      </symbol>
      <symbol id="sm-239">
         <name>ldexpl</name>
         <value>0x2805</value>
         <object_component_ref idref="oc-1df"/>
      </symbol>
      <symbol id="sm-23a">
         <name>ldexp</name>
         <value>0x2805</value>
         <object_component_ref idref="oc-1df"/>
      </symbol>
      <symbol id="sm-251">
         <name>__aeabi_dsub</name>
         <value>0x202d</value>
         <object_component_ref idref="oc-1bc"/>
      </symbol>
      <symbol id="sm-252">
         <name>__aeabi_dadd</name>
         <value>0x2037</value>
         <object_component_ref idref="oc-1bc"/>
      </symbol>
      <symbol id="sm-274">
         <name>__aeabi_cdcmpeq</name>
         <value>0x2bf5</value>
         <object_component_ref idref="oc-1d5"/>
      </symbol>
      <symbol id="sm-275">
         <name>__aeabi_cdcmple</name>
         <value>0x2bf5</value>
         <object_component_ref idref="oc-1d5"/>
      </symbol>
      <symbol id="sm-276">
         <name>__aeabi_cdrcmple</name>
         <value>0x2c7b</value>
         <object_component_ref idref="oc-1da"/>
      </symbol>
      <symbol id="sm-28a">
         <name>__aeabi_ddiv</name>
         <value>0x2479</value>
         <object_component_ref idref="oc-1c1"/>
      </symbol>
      <symbol id="sm-295">
         <name>__aeabi_dmul</name>
         <value>0x2915</value>
         <object_component_ref idref="oc-160"/>
      </symbol>
      <symbol id="sm-2a1">
         <name>__aeabi_i2d</name>
         <value>0x31dd</value>
         <object_component_ref idref="oc-155"/>
      </symbol>
      <symbol id="sm-2bc">
         <name>memcpy</name>
         <value>0x2ac3</value>
         <object_component_ref idref="oc-3b"/>
      </symbol>
      <symbol id="sm-2bd">
         <name>__aeabi_memcpy</name>
         <value>0x2ac3</value>
         <object_component_ref idref="oc-3b"/>
      </symbol>
      <symbol id="sm-2be">
         <name>__aeabi_memcpy8</name>
         <value>0x2ac3</value>
         <object_component_ref idref="oc-3b"/>
      </symbol>
      <symbol id="sm-2bf">
         <name>__aeabi_memcpy4</name>
         <value>0x2ac3</value>
         <object_component_ref idref="oc-3b"/>
      </symbol>
      <symbol id="sm-2d8">
         <name>__TI_zero_init_nomemset</name>
         <value>0x320b</value>
         <object_component_ref idref="oc-47"/>
      </symbol>
      <symbol id="sm-2ef">
         <name>__TI_decompress_none</name>
         <value>0x32ed</value>
         <object_component_ref idref="oc-18"/>
      </symbol>
      <symbol id="sm-312">
         <name>__TI_decompress_lzss</name>
         <value>0x2de9</value>
         <object_component_ref idref="oc-12"/>
      </symbol>
      <symbol id="sm-327">
         <name>_sys_memory</name>
         <value>0x20001270</value>
         <object_component_ref idref="oc-21"/>
      </symbol>
      <symbol id="sm-336">
         <name>strcmp</name>
         <value>0x3275</value>
         <object_component_ref idref="oc-13f"/>
      </symbol>
      <symbol id="sm-344">
         <name>strcpy</name>
         <value>0x32a3</value>
         <object_component_ref idref="oc-145"/>
      </symbol>
      <symbol id="sm-357">
         <name>__stack</name>
         <value>0x20000270</value>
         <object_component_ref idref="oc-24"/>
      </symbol>
      <symbol id="sm-358">
         <name>_c_int00_noargs</name>
         <value>0x3179</value>
         <object_component_ref idref="oc-59"/>
      </symbol>
      <symbol id="sm-36e">
         <name>__aeabi_errno_addr</name>
         <value>0x3309</value>
         <object_component_ref idref="oc-1cc"/>
      </symbol>
      <symbol id="sm-36f">
         <name>errno</name>
         <value>0x200022c8</value>
         <object_component_ref idref="oc-267"/>
      </symbol>
      <symbol id="sm-379">
         <name>copysign</name>
         <value>0x3243</value>
         <object_component_ref idref="oc-270"/>
      </symbol>
      <symbol id="sm-37a">
         <name>copysignl</name>
         <value>0x3243</value>
         <object_component_ref idref="oc-270"/>
      </symbol>
      <symbol id="sm-4df">
         <name>__TI_printfi</name>
         <value>0x26d</value>
         <object_component_ref idref="oc-192"/>
      </symbol>
      <symbol id="sm-4f5">
         <name>frexpl</name>
         <value>0x2e51</value>
         <object_component_ref idref="oc-2c6"/>
      </symbol>
      <symbol id="sm-4f6">
         <name>frexp</name>
         <value>0x2e51</value>
         <object_component_ref idref="oc-2c6"/>
      </symbol>
      <symbol id="sm-503">
         <name>__aeabi_uldivmod</name>
         <value>0x2b5f</value>
         <object_component_ref idref="oc-29a"/>
      </symbol>
      <symbol id="sm-512">
         <name>__aeabi_memset</name>
         <value>0x2d03</value>
         <object_component_ref idref="oc-93"/>
      </symbol>
      <symbol id="sm-513">
         <name>memset</name>
         <value>0x2d09</value>
         <object_component_ref idref="oc-93"/>
      </symbol>
      <symbol id="sm-514">
         <name>__aeabi_memset8</name>
         <value>0x2d03</value>
         <object_component_ref idref="oc-93"/>
      </symbol>
      <symbol id="sm-515">
         <name>__aeabi_memset4</name>
         <value>0x2d03</value>
         <object_component_ref idref="oc-93"/>
      </symbol>
      <symbol id="sm-516">
         <name>__aeabi_memclr8</name>
         <value>0x2d01</value>
         <object_component_ref idref="oc-93"/>
      </symbol>
      <symbol id="sm-517">
         <name>__aeabi_memclr4</name>
         <value>0x2d01</value>
         <object_component_ref idref="oc-93"/>
      </symbol>
      <symbol id="sm-518">
         <name>__aeabi_memclr</name>
         <value>0x2d01</value>
         <object_component_ref idref="oc-93"/>
      </symbol>
      <symbol id="sm-522">
         <name>__aeabi_d2iz</name>
         <value>0x2ffd</value>
         <object_component_ref idref="oc-2a0"/>
      </symbol>
      <symbol id="sm-54a">
         <name>__TI_auto_init_nobinit_nopinit</name>
         <value>0x3045</value>
         <object_component_ref idref="oc-f3"/>
      </symbol>
      <symbol id="sm-554">
         <name>_system_pre_init</name>
         <value>0x3311</value>
         <object_component_ref idref="oc-99"/>
      </symbol>
      <symbol id="sm-560">
         <name>C$$EXIT</name>
         <value>0x3315</value>
         <object_component_ref idref="oc-e7"/>
      </symbol>
      <symbol id="sm-561">
         <name>abort</name>
         <value>0x3315</value>
         <object_component_ref idref="oc-e7"/>
      </symbol>
      <symbol id="sm-579">
         <name>atoi</name>
         <value>0x2fb1</value>
         <object_component_ref idref="oc-21e"/>
      </symbol>
      <symbol id="sm-584">
         <name>_ctypes_</name>
         <value>0x3318</value>
         <object_component_ref idref="oc-295"/>
      </symbol>
      <symbol id="sm-593">
         <name>ltoa</name>
         <value>0x2f0b</value>
         <object_component_ref idref="oc-2a5"/>
      </symbol>
      <symbol id="sm-5a3">
         <name>memccpy</name>
         <value>0x3227</value>
         <object_component_ref idref="oc-242"/>
      </symbol>
      <symbol id="sm-5b3">
         <name>strchr</name>
         <value>0x328d</value>
         <object_component_ref idref="oc-2cc"/>
      </symbol>
      <symbol id="sm-5c1">
         <name>strlen</name>
         <value>0x32b7</value>
         <object_component_ref idref="oc-218"/>
      </symbol>
      <symbol id="sm-5da">
         <name>wcslen</name>
         <value>0x32cb</value>
         <object_component_ref idref="oc-248"/>
      </symbol>
      <symbol id="sm-5e4">
         <name>__aeabi_idiv0</name>
         <value>0xcbb</value>
         <object_component_ref idref="oc-2ff"/>
      </symbol>
      <symbol id="sm-5e5">
         <name>__aeabi_ldiv0</name>
         <value>0xcbb</value>
         <object_component_ref idref="oc-2ff"/>
      </symbol>
      <symbol id="sm-601">
         <name>IntRegister</name>
         <value>0x3145</value>
         <object_component_ref idref="oc-127"/>
      </symbol>
      <symbol id="sm-602">
         <name>g_pfnRAMVectors</name>
         <value>0x20000000</value>
         <object_component_ref idref="oc-186"/>
      </symbol>
      <symbol id="sm-604">
         <name>__TI_static_base__</name>
         <value>0x0</value>
      </symbol>
      <symbol id="sm-607">
         <name>__mpu_init</name>
         <value>0x0</value>
      </symbol>
      <symbol id="sm-608">
         <name>_system_post_cinit</name>
         <value>0x0</value>
      </symbol>
   </symbol_table>
   <title>Link successful</title>
</link_info>
